Component: ARM Compiler 5.06 update 1 (build 61) Tool: armlink [4d35a8]

==============================================================================

Section Cross References

    startup_stm32l152xba.o(STACK) refers (Special) to heapauxi.o(.text) for __use_two_region_memory
    startup_stm32l152xba.o(HEAP) refers (Special) to heapauxi.o(.text) for __use_two_region_memory
    startup_stm32l152xba.o(RESET) refers (Special) to heapauxi.o(.text) for __use_two_region_memory
    startup_stm32l152xba.o(RESET) refers to startup_stm32l152xba.o(STACK) for __initial_sp
    startup_stm32l152xba.o(RESET) refers to startup_stm32l152xba.o(.text) for Reset_Handler
    startup_stm32l152xba.o(RESET) refers to stm32l1xx_it.o(i.NMI_Handler) for NMI_Handler
    startup_stm32l152xba.o(RESET) refers to stm32l1xx_it.o(i.HardFault_Handler) for HardFault_Handler
    startup_stm32l152xba.o(RESET) refers to stm32l1xx_it.o(i.MemManage_Handler) for MemManage_Handler
    startup_stm32l152xba.o(RESET) refers to stm32l1xx_it.o(i.BusFault_Handler) for BusFault_Handler
    startup_stm32l152xba.o(RESET) refers to stm32l1xx_it.o(i.UsageFault_Handler) for UsageFault_Handler
    startup_stm32l152xba.o(RESET) refers to stm32l1xx_it.o(i.SVC_Handler) for SVC_Handler
    startup_stm32l152xba.o(RESET) refers to stm32l1xx_it.o(i.DebugMon_Handler) for DebugMon_Handler
    startup_stm32l152xba.o(RESET) refers to stm32l1xx_it.o(i.PendSV_Handler) for PendSV_Handler
    startup_stm32l152xba.o(RESET) refers to stm32l1xx_it.o(i.SysTick_Handler) for SysTick_Handler
    startup_stm32l152xba.o(.text) refers (Special) to heapauxi.o(.text) for __use_two_region_memory
    startup_stm32l152xba.o(.text) refers to system_stm32l1xx.o(i.SystemInit) for SystemInit
    startup_stm32l152xba.o(.text) refers to __main.o(!!!main) for __main
    startup_stm32l152xba.o(.text) refers to startup_stm32l152xba.o(HEAP) for Heap_Mem
    startup_stm32l152xba.o(.text) refers to startup_stm32l152xba.o(STACK) for Stack_Mem
    main.o(i.ADC_Get_Value) refers to dflt_clz.o(x$fpl$dfltu) for __aeabi_ui2d
    main.o(i.ADC_Get_Value) refers to ddiv.o(x$fpl$ddiv) for __aeabi_ddiv
    main.o(i.ADC_Get_Value) refers to scalbn.o(x$fpl$scalbn) for __ARM_scalbn
    main.o(i.ADC_Get_Value) refers to dfixu.o(x$fpl$dfixu) for __aeabi_d2uiz
    main.o(i.ADC_Get_Value) refers to main.o(.data) for .data
    main.o(i.HAL_InitTick) refers to stm32l1xx_hal_cortex.o(i.HAL_SYSTICK_Config) for HAL_SYSTICK_Config
    main.o(i.HAL_InitTick) refers to stm32l1xx_hal_cortex.o(i.HAL_NVIC_SetPriority) for HAL_NVIC_SetPriority
    main.o(i.HAL_InitTick) refers to stm32l1xx_hal.o(.data) for uwTickFreq
    main.o(i.HAL_InitTick) refers to system_stm32l1xx.o(.data) for SystemCoreClock
    main.o(i.HAL_InitTick) refers to main.o(.data) for .data
    main.o(i.SystemClock_Config) refers to stm32l1xx_ll_utils.o(i.LL_SetSystemCoreClock) for LL_SetSystemCoreClock
    main.o(i.SystemClock_Config) refers to main.o(i.HAL_InitTick) for HAL_InitTick
    main.o(i.main) refers to stm32l1xx_hal.o(i.HAL_Init) for HAL_Init
    main.o(i.main) refers to main.o(i.SystemClock_Config) for SystemClock_Config
    main.o(i.main) refers to gpio.o(i.MX_GPIO_Init) for MX_GPIO_Init
    main.o(i.main) refers to adc.o(i.MX_ADC_Init) for MX_ADC_Init
    main.o(i.main) refers to dac.o(i.MX_DAC_Init) for MX_DAC_Init
    main.o(i.main) refers to i2c.o(i.MX_I2C1_Init) for MX_I2C1_Init
    main.o(i.main) refers to lcd.o(i.MX_LCD_Init) for MX_LCD_Init
    main.o(i.main) refers to usart.o(i.MX_USART1_UART_Init) for MX_USART1_UART_Init
    main.o(i.main) refers to rtc.o(i.MX_RTC_Init) for MX_RTC_Init
    main.o(i.main) refers to tim.o(i.MX_TIM2_Init) for MX_TIM2_Init
    main.o(i.main) refers to main.o(i.ADC_Get_Value) for ADC_Get_Value
    main.o(i.main) refers to stm32l1xx_ll_utils.o(i.LL_mDelay) for LL_mDelay
    gpio.o(i.MX_GPIO_Init) refers to rt_memclr_w.o(.text) for __aeabi_memclr4
    gpio.o(i.MX_GPIO_Init) refers to gpio.o(i.LL_AHB1_GRP1_EnableClock) for LL_AHB1_GRP1_EnableClock
    gpio.o(i.MX_GPIO_Init) refers to stm32l1xx_ll_exti.o(i.LL_EXTI_Init) for LL_EXTI_Init
    gpio.o(i.MX_GPIO_Init) refers to stm32l1xx_ll_gpio.o(i.LL_GPIO_Init) for LL_GPIO_Init
    adc.o(i.MX_ADC_Init) refers to rt_memclr_w.o(.text) for __aeabi_memclr4
    adc.o(i.MX_ADC_Init) refers to adc.o(i.LL_AHB1_GRP1_EnableClock) for LL_AHB1_GRP1_EnableClock
    adc.o(i.MX_ADC_Init) refers to stm32l1xx_ll_gpio.o(i.LL_GPIO_Init) for LL_GPIO_Init
    adc.o(i.MX_ADC_Init) refers to stm32l1xx_ll_adc.o(i.LL_ADC_CommonInit) for LL_ADC_CommonInit
    adc.o(i.MX_ADC_Init) refers to stm32l1xx_ll_adc.o(i.LL_ADC_Init) for LL_ADC_Init
    adc.o(i.MX_ADC_Init) refers to stm32l1xx_ll_adc.o(i.LL_ADC_REG_Init) for LL_ADC_REG_Init
    dac.o(i.MX_DAC_Init) refers to rt_memclr_w.o(.text) for __aeabi_memclr4
    dac.o(i.MX_DAC_Init) refers to stm32l1xx_ll_gpio.o(i.LL_GPIO_Init) for LL_GPIO_Init
    dac.o(i.MX_DAC_Init) refers to stm32l1xx_ll_dac.o(i.LL_DAC_Init) for LL_DAC_Init
[...]
    Removing stm32l1xx_ll_dma.o(i.LL_DMA_Init), (92 bytes).
    Removing stm32l1xx_ll_dma.o(i.LL_DMA_StructInit), (24 bytes).
    Removing stm32l1xx_ll_dma.o(.constdata), (7 bytes).
    Removing stm32l1xx_hal.o(.rev16_text), (4 bytes).
    Removing stm32l1xx_hal.o(.revsh_text), (4 bytes).
    Removing stm32l1xx_hal.o(.rrx_text), (6 bytes).
    Removing stm32l1xx_hal.o(i.HAL_DBGMCU_DisableDBGSleepMode), (16 bytes).
    Removing stm32l1xx_hal.o(i.HAL_DBGMCU_DisableDBGStandbyMode), (16 bytes).
    Removing stm32l1xx_hal.o(i.HAL_DBGMCU_DisableDBGStopMode), (16 bytes).
    Removing stm32l1xx_hal.o(i.HAL_DBGMCU_EnableDBGSleepMode), (16 bytes).
    Removing stm32l1xx_hal.o(i.HAL_DBGMCU_EnableDBGStandbyMode), (16 bytes).
    Removing stm32l1xx_hal.o(i.HAL_DBGMCU_EnableDBGStopMode), (16 bytes).
    Removing stm32l1xx_hal.o(i.HAL_DeInit), (40 bytes).
    Removing stm32l1xx_hal.o(i.HAL_Delay), (36 bytes).
    Removing stm32l1xx_hal.o(i.HAL_GetDEVID), (16 bytes).
    Removing stm32l1xx_hal.o(i.HAL_GetHalVersion), (8 bytes).
    Removing stm32l1xx_hal.o(i.HAL_GetREVID), (12 bytes).
    Removing stm32l1xx_hal.o(i.HAL_GetTickFreq), (12 bytes).
    Removing stm32l1xx_hal.o(i.HAL_GetTickPrio), (12 bytes).
    Removing stm32l1xx_hal.o(i.HAL_GetUIDw0), (12 bytes).
    Removing stm32l1xx_hal.o(i.HAL_GetUIDw1), (12 bytes).
    Removing stm32l1xx_hal.o(i.HAL_GetUIDw2), (12 bytes).
    Removing stm32l1xx_hal.o(i.HAL_InitTick), (68 bytes).
    Removing stm32l1xx_hal.o(i.HAL_MspDeInit), (2 bytes).
    Removing stm32l1xx_hal.o(i.HAL_MspInit), (2 bytes).
    Removing stm32l1xx_hal.o(i.HAL_ResumeTick), (14 bytes).
    Removing stm32l1xx_hal.o(i.HAL_SetTickFreq), (36 bytes).
    Removing stm32l1xx_hal.o(i.HAL_SuspendTick), (14 bytes).
    Removing stm32l1xx_hal_rcc.o(.rev16_text), (4 bytes).
    Removing stm32l1xx_hal_rcc.o(.revsh_text), (4 bytes).
    Removing stm32l1xx_hal_rcc.o(.rrx_text), (6 bytes).
    Removing stm32l1xx_hal_rcc.o(i.HAL_RCC_CSSCallback), (2 bytes).
    Removing stm32l1xx_hal_rcc.o(i.HAL_RCC_ClockConfig), (420 bytes).
    Removing stm32l1xx_hal_rcc.o(i.HAL_RCC_DeInit), (208 bytes).
    Removing stm32l1xx_hal_rcc.o(i.HAL_RCC_DisableCSS), (12 bytes).
    Removing stm32l1xx_hal_rcc.o(i.HAL_RCC_EnableCSS), (12 bytes).
    Removing stm32l1xx_hal_rcc.o(i.HAL_RCC_GetClockConfig), (64 bytes).
    Removing stm32l1xx_hal_rcc.o(i.HAL_RCC_GetHCLKFreq), (12 bytes).
    Removing stm32l1xx_hal_rcc.o(i.HAL_RCC_GetOscConfig), (180 bytes).
    Removing stm32l1xx_hal_rcc.o(i.HAL_RCC_GetPCLK1Freq), (32 bytes).
    Removing stm32l1xx_hal_rcc.o(i.HAL_RCC_GetPCLK2Freq), (32 bytes).
    Removing stm32l1xx_hal_rcc.o(i.HAL_RCC_GetSysClockFreq), (104 bytes).
    Removing stm32l1xx_hal_rcc.o(i.HAL_RCC_MCOConfig), (80 bytes).
    Removing stm32l1xx_hal_rcc.o(i.HAL_RCC_NMI_IRQHandler), (28 bytes).
    Removing stm32l1xx_hal_rcc.o(i.HAL_RCC_OscConfig), (1064 bytes).
    Removing stm32l1xx_hal_rcc.o(i.RCC_SetFlashLatencyFromMSIRange), (128 bytes).
    Removing stm32l1xx_hal_rcc_ex.o(.rev16_text), (4 bytes).
    Removing stm32l1xx_hal_rcc_ex.o(.revsh_text), (4 bytes).
    Removing stm32l1xx_hal_rcc_ex.o(.rrx_text), (6 bytes).
    Removing stm32l1xx_hal_rcc_ex.o(i.HAL_RCCEx_DisableLSECSS), (28 bytes).
    Removing stm32l1xx_hal_rcc_ex.o(i.HAL_RCCEx_EnableLSECSS), (12 bytes).
    Removing stm32l1xx_hal_rcc_ex.o(i.HAL_RCCEx_EnableLSECSS_IT), (52 bytes).
    Removing stm32l1xx_hal_rcc_ex.o(i.HAL_RCCEx_GetPeriphCLKConfig), (44 bytes).
    Removing stm32l1xx_hal_rcc_ex.o(i.HAL_RCCEx_GetPeriphCLKFreq), (132 bytes).
    Removing stm32l1xx_hal_rcc_ex.o(i.HAL_RCCEx_LSECSS_Callback), (2 bytes).
    Removing stm32l1xx_hal_rcc_ex.o(i.HAL_RCCEx_LSECSS_IRQHandler), (28 bytes).
    Removing stm32l1xx_hal_rcc_ex.o(i.HAL_RCCEx_PeriphCLKConfig), (364 bytes).
    Removing stm32l1xx_hal_flash.o(.rev16_text), (4 bytes).
    Removing stm32l1xx_hal_flash.o(.revsh_text), (4 bytes).
    Removing stm32l1xx_hal_flash.o(.rrx_text), (6 bytes).
    Removing stm32l1xx_hal_flash.o(i.FLASH_SetErrorCode), (108 bytes).
    Removing stm32l1xx_hal_flash.o(i.FLASH_WaitForLastOperation), (96 bytes).
    Removing stm32l1xx_hal_flash.o(i.HAL_FLASH_EndOfOperationCallback), (2 bytes).
    Removing stm32l1xx_hal_flash.o(i.HAL_FLASH_GetError), (12 bytes).
    Removing stm32l1xx_hal_flash.o(i.HAL_FLASH_IRQHandler), (212 bytes).
    Removing stm32l1xx_hal_flash.o(i.HAL_FLASH_Lock), (20 bytes).
    Removing stm32l1xx_hal_flash.o(i.HAL_FLASH_OB_Launch), (24 bytes).
    Removing stm32l1xx_hal_flash.o(i.HAL_FLASH_OB_Lock), (20 bytes).
    Removing stm32l1xx_hal_flash.o(i.HAL_FLASH_OB_Unlock), (80 bytes).
    Removing stm32l1xx_hal_flash.o(i.HAL_FLASH_OperationErrorCallback), (2 bytes).
    Removing stm32l1xx_hal_flash.o(i.HAL_FLASH_Program), (60 bytes).
    Removing stm32l1xx_hal_flash.o(i.HAL_FLASH_Program_IT), (60 bytes).
    Removing stm32l1xx_hal_flash.o(i.HAL_FLASH_Unlock), (80 bytes).
    Removing stm32l1xx_hal_flash.o(.bss), (24 bytes).
    Removing stm32l1xx_hal_flash_ex.o(.rev16_text), (4 bytes).
    Removing stm32l1xx_hal_flash_ex.o(.revsh_text), (4 bytes).
    Removing stm32l1xx_hal_flash_ex.o(.rrx_text), (6 bytes).
    Removing stm32l1xx_hal_flash_ex.o(i.FLASH_OB_PCROPConfig), (60 bytes).
    Removing stm32l1xx_hal_flash_ex.o(i.FLASH_OB_WRPConfig), (52 bytes).
    Removing stm32l1xx_hal_flash_ex.o(i.FLASH_OB_WRPConfigWRP1OrPCROP1), (56 bytes).
    Removing stm32l1xx_hal_flash_ex.o(i.FLASH_PageErase), (40 bytes).
    Removing stm32l1xx_hal_flash_ex.o(i.HAL_FLASHEx_AdvOBGetConfig), (44 bytes).
    Removing stm32l1xx_hal_flash_ex.o(i.HAL_FLASHEx_AdvOBProgram), (30 bytes).
    Removing stm32l1xx_hal_flash_ex.o(i.HAL_FLASHEx_DATAEEPROM_DisableFixedTimeProgram), (16 bytes).
    Removing stm32l1xx_hal_flash_ex.o(i.HAL_FLASHEx_DATAEEPROM_EnableFixedTimeProgram), (16 bytes).
    Removing stm32l1xx_hal_flash_ex.o(i.HAL_FLASHEx_DATAEEPROM_Erase), (64 bytes).
    Removing stm32l1xx_hal_flash_ex.o(i.HAL_FLASHEx_DATAEEPROM_Lock), (20 bytes).
    Removing stm32l1xx_hal_flash_ex.o(i.HAL_FLASHEx_DATAEEPROM_Program), (224 bytes).
    Removing stm32l1xx_hal_flash_ex.o(i.HAL_FLASHEx_DATAEEPROM_Unlock), (40 bytes).
    Removing stm32l1xx_hal_flash_ex.o(i.HAL_FLASHEx_Erase), (128 bytes).
    Removing stm32l1xx_hal_flash_ex.o(i.HAL_FLASHEx_Erase_IT), (88 bytes).
    Removing stm32l1xx_hal_flash_ex.o(i.HAL_FLASHEx_OBGetConfig), (56 bytes).
    Removing stm32l1xx_hal_flash_ex.o(i.HAL_FLASHEx_OBProgram), (248 bytes).
    Removing stm32l1xx_hal_flash_ex.o(i.HAL_FLASHEx_OB_DeSelectPCROP), (52 bytes).
    Removing stm32l1xx_hal_flash_ex.o(i.HAL_FLASHEx_OB_SelectPCROP), (56 bytes).
    Removing stm32l1xx_hal_flash_ramfunc.o(.rev16_text), (4 bytes).
    Removing stm32l1xx_hal_flash_ramfunc.o(.revsh_text), (4 bytes).
    Removing stm32l1xx_hal_flash_ramfunc.o(.rrx_text), (6 bytes).
    Removing stm32l1xx_hal_flash_ramfunc.o(i.FLASHRAM_SetErrorCode), (92 bytes).
    Removing stm32l1xx_hal_flash_ramfunc.o(i.FLASHRAM_WaitForLastOperation), (76 bytes).
    Removing stm32l1xx_hal_flash_ramfunc.o(i.HAL_FLASHEx_DATAEEPROM_EraseDoubleWord), (84 bytes).
    Removing stm32l1xx_hal_flash_ramfunc.o(i.HAL_FLASHEx_DATAEEPROM_ProgramDoubleWord), (88 bytes).
    Removing stm32l1xx_hal_flash_ramfunc.o(i.HAL_FLASHEx_DisableRunPowerDown), (40 bytes).
    Removing stm32l1xx_hal_flash_ramfunc.o(i.HAL_FLASHEx_EnableRunPowerDown), (40 bytes).
    Removing stm32l1xx_hal_flash_ramfunc.o(i.HAL_FLASHEx_GetError), (16 bytes).
    Removing stm32l1xx_hal_flash_ramfunc.o(i.HAL_FLASHEx_HalfPageProgram), (116 bytes).
    Removing stm32l1xx_hal_gpio.o(.rev16_text), (4 bytes).
    Removing stm32l1xx_hal_gpio.o(.revsh_text), (4 bytes).
    Removing stm32l1xx_hal_gpio.o(.rrx_text), (6 bytes).
    Removing stm32l1xx_hal_gpio.o(i.HAL_GPIO_DeInit), (316 bytes).
    Removing stm32l1xx_hal_gpio.o(i.HAL_GPIO_EXTI_Callback), (2 bytes).
    Removing stm32l1xx_hal_gpio.o(i.HAL_GPIO_EXTI_IRQHandler), (24 bytes).
    Removing stm32l1xx_hal_gpio.o(i.HAL_GPIO_LockPin), (34 bytes).
    Removing stm32l1xx_hal_gpio.o(i.HAL_GPIO_ReadPin), (10 bytes).
    Removing stm32l1xx_hal_gpio.o(i.HAL_GPIO_TogglePin), (16 bytes).
    Removing stm32l1xx_hal_gpio.o(i.HAL_GPIO_WritePin), (10 bytes).
    Removing stm32l1xx_hal_dma.o(.rev16_text), (4 bytes).
    Removing stm32l1xx_hal_dma.o(.revsh_text), (4 bytes).
    Removing stm32l1xx_hal_dma.o(.rrx_text), (6 bytes).
    Removing stm32l1xx_hal_dma.o(i.DMA_SetConfig), (46 bytes).
    Removing stm32l1xx_hal_dma.o(i.HAL_DMA_Abort), (74 bytes).
    Removing stm32l1xx_hal_dma.o(i.HAL_DMA_Abort_IT), (78 bytes).
    Removing stm32l1xx_hal_dma.o(i.HAL_DMA_DeInit), (88 bytes).
    Removing stm32l1xx_hal_dma.o(i.HAL_DMA_GetError), (4 bytes).
    Removing stm32l1xx_hal_dma.o(i.HAL_DMA_GetState), (6 bytes).
    Removing stm32l1xx_hal_dma.o(i.HAL_DMA_IRQHandler), (186 bytes).
    Removing stm32l1xx_hal_dma.o(i.HAL_DMA_Init), (92 bytes).
    Removing stm32l1xx_hal_dma.o(i.HAL_DMA_PollForTransfer), (216 bytes).
    Removing stm32l1xx_hal_dma.o(i.HAL_DMA_RegisterCallback), (74 bytes).
    Removing stm32l1xx_hal_dma.o(i.HAL_DMA_Start), (80 bytes).
    Removing stm32l1xx_hal_dma.o(i.HAL_DMA_Start_IT), (112 bytes).
    Removing stm32l1xx_hal_dma.o(i.HAL_DMA_UnRegisterCallback), (82 bytes).
    Removing stm32l1xx_hal_pwr.o(.rev16_text), (4 bytes).
    Removing stm32l1xx_hal_pwr.o(.revsh_text), (4 bytes).
    Removing stm32l1xx_hal_pwr.o(.rrx_text), (6 bytes).
    Removing stm32l1xx_hal_pwr.o(i.HAL_PWR_ConfigPVD), (124 bytes).
    Removing stm32l1xx_hal_pwr.o(i.HAL_PWR_DeInit), (24 bytes).
    Removing stm32l1xx_hal_pwr.o(i.HAL_PWR_DisableBkUpAccess), (28 bytes).
    Removing stm32l1xx_hal_pwr.o(i.HAL_PWR_DisablePVD), (24 bytes).
    Removing stm32l1xx_hal_pwr.o(i.HAL_PWR_DisableSEVOnPend), (16 bytes).
    Removing stm32l1xx_hal_pwr.o(i.HAL_PWR_DisableSleepOnExit), (16 bytes).
    Removing stm32l1xx_hal_pwr.o(i.HAL_PWR_DisableWakeUpPin), (28 bytes).
    Removing stm32l1xx_hal_pwr.o(i.HAL_PWR_EnableBkUpAccess), (24 bytes).
    Removing stm32l1xx_hal_pwr.o(i.HAL_PWR_EnablePVD), (24 bytes).
    Removing stm32l1xx_hal_pwr.o(i.HAL_PWR_EnableSEVOnPend), (16 bytes).
    Removing stm32l1xx_hal_pwr.o(i.HAL_PWR_EnableSleepOnExit), (16 bytes).
    Removing stm32l1xx_hal_pwr.o(i.HAL_PWR_EnableWakeUpPin), (28 bytes).
    Removing stm32l1xx_hal_pwr.o(i.HAL_PWR_EnterSLEEPMode), (48 bytes).
    Removing stm32l1xx_hal_pwr.o(i.HAL_PWR_EnterSTANDBYMode), (32 bytes).
    Removing stm32l1xx_hal_pwr.o(i.HAL_PWR_EnterSTOPMode), (56 bytes).
    Removing stm32l1xx_hal_pwr.o(i.HAL_PWR_PVDCallback), (2 bytes).
    Removing stm32l1xx_hal_pwr.o(i.HAL_PWR_PVD_IRQHandler), (28 bytes).
    Removing stm32l1xx_hal_pwr_ex.o(.rev16_text), (4 bytes).
    Removing stm32l1xx_hal_pwr_ex.o(.revsh_text), (4 bytes).
    Removing stm32l1xx_hal_pwr_ex.o(.rrx_text), (6 bytes).
    Removing stm32l1xx_hal_pwr_ex.o(i.HAL_PWREx_DisableFastWakeUp), (28 bytes).
    Removing stm32l1xx_hal_pwr_ex.o(i.HAL_PWREx_DisableLowPowerRunMode), (44 bytes).
    Removing stm32l1xx_hal_pwr_ex.o(i.HAL_PWREx_DisableUltraLowPower), (28 bytes).
    Removing stm32l1xx_hal_pwr_ex.o(i.HAL_PWREx_EnableFastWakeUp), (24 bytes).
    Removing stm32l1xx_hal_pwr_ex.o(i.HAL_PWREx_EnableLowPowerRunMode), (36 bytes).
    Removing stm32l1xx_hal_pwr_ex.o(i.HAL_PWREx_EnableUltraLowPower), (24 bytes).
    Removing stm32l1xx_hal_pwr_ex.o(i.HAL_PWREx_GetVoltageRange), (16 bytes).
    Removing stm32l1xx_hal_cortex.o(.rev16_text), (4 bytes).
    Removing stm32l1xx_hal_cortex.o(.revsh_text), (4 bytes).
    Removing stm32l1xx_hal_cortex.o(.rrx_text), (6 bytes).
    Removing stm32l1xx_hal_cortex.o(i.HAL_MPU_ConfigRegion), (84 bytes).
    Removing stm32l1xx_hal_cortex.o(i.HAL_MPU_Disable), (16 bytes).
    Removing stm32l1xx_hal_cortex.o(i.HAL_MPU_Enable), (24 bytes).
    Removing stm32l1xx_hal_cortex.o(i.HAL_NVIC_ClearPendingIRQ), (26 bytes).
    Removing stm32l1xx_hal_cortex.o(i.HAL_NVIC_DisableIRQ), (34 bytes).
    Removing stm32l1xx_hal_cortex.o(i.HAL_NVIC_EnableIRQ), (26 bytes).
    Removing stm32l1xx_hal_cortex.o(i.HAL_NVIC_GetActive), (36 bytes).
    Removing stm32l1xx_hal_cortex.o(i.HAL_NVIC_GetPendingIRQ), (36 bytes).
    Removing stm32l1xx_hal_cortex.o(i.HAL_NVIC_GetPriority), (82 bytes).
    Removing stm32l1xx_hal_cortex.o(i.HAL_NVIC_GetPriorityGrouping), (16 bytes).
    Removing stm32l1xx_hal_cortex.o(i.HAL_NVIC_SetPendingIRQ), (26 bytes).
    Removing stm32l1xx_hal_cortex.o(i.HAL_NVIC_SystemReset), (36 bytes).
    Removing stm32l1xx_hal_cortex.o(i.HAL_SYSTICK_CLKSourceConfig), (24 bytes).
    Removing stm32l1xx_hal_cortex.o(i.HAL_SYSTICK_Callback), (2 bytes).
    Removing stm32l1xx_hal_cortex.o(i.HAL_SYSTICK_IRQHandler), (8 bytes).
    Removing stm32l1xx_hal_exti.o(.rev16_text), (4 bytes).
    Removing stm32l1xx_hal_exti.o(.revsh_text), (4 bytes).
    Removing stm32l1xx_hal_exti.o(.rrx_text), (6 bytes).
    Removing stm32l1xx_hal_exti.o(i.HAL_EXTI_ClearConfigLine), (104 bytes).
    Removing stm32l1xx_hal_exti.o(i.HAL_EXTI_ClearPending), (20 bytes).
    Removing stm32l1xx_hal_exti.o(i.HAL_EXTI_GenerateSWI), (20 bytes).
    Removing stm32l1xx_hal_exti.o(i.HAL_EXTI_GetConfigLine), (144 bytes).
    Removing stm32l1xx_hal_exti.o(i.HAL_EXTI_GetHandle), (12 bytes).
    Removing stm32l1xx_hal_exti.o(i.HAL_EXTI_GetPending), (24 bytes).
    Removing stm32l1xx_hal_exti.o(i.HAL_EXTI_IRQHandler), (36 bytes).
    Removing stm32l1xx_hal_exti.o(i.HAL_EXTI_RegisterCallback), (14 bytes).
    Removing stm32l1xx_hal_exti.o(i.HAL_EXTI_SetConfigLine), (164 bytes).
    Removing stm32l1xx_ll_dac.o(.rev16_text), (4 bytes).
    Removing stm32l1xx_ll_dac.o(.revsh_text), (4 bytes).
    Removing stm32l1xx_ll_dac.o(.rrx_text), (6 bytes).
    Removing stm32l1xx_ll_dac.o(i.LL_DAC_DeInit), (28 bytes).
    Removing stm32l1xx_ll_dac.o(i.LL_DAC_StructInit), (14 bytes).
    Removing stm32l1xx_ll_i2c.o(.rev16_text), (4 bytes).
    Removing stm32l1xx_ll_i2c.o(.revsh_text), (4 bytes).
    Removing stm32l1xx_ll_i2c.o(.rrx_text), (6 bytes).
    Removing stm32l1xx_ll_i2c.o(i.LL_I2C_DeInit), (68 bytes).
    Removing stm32l1xx_ll_i2c.o(i.LL_I2C_StructInit), (24 bytes).
    Removing stm32l1xx_hal_lcd.o(.rev16_text), (4 bytes).
    Removing stm32l1xx_hal_lcd.o(.revsh_text), (4 bytes).
    Removing stm32l1xx_hal_lcd.o(.rrx_text), (6 bytes).
    Removing stm32l1xx_hal_lcd.o(i.HAL_LCD_Clear), (128 bytes).
    Removing stm32l1xx_hal_lcd.o(i.HAL_LCD_DeInit), (70 bytes).
    Removing stm32l1xx_hal_lcd.o(i.HAL_LCD_GetError), (4 bytes).
    Removing stm32l1xx_hal_lcd.o(i.HAL_LCD_GetState), (6 bytes).
    Removing stm32l1xx_hal_lcd.o(i.HAL_LCD_MspDeInit), (2 bytes).
    Removing stm32l1xx_hal_lcd.o(i.HAL_LCD_MspInit), (2 bytes).
    Removing stm32l1xx_hal_lcd.o(i.HAL_LCD_UpdateDisplayRequest), (84 bytes).
    Removing stm32l1xx_hal_lcd.o(i.HAL_LCD_Write), (136 bytes).
    Removing stm32l1xx_ll_rtc.o(.rev16_text), (4 bytes).
    Removing stm32l1xx_ll_rtc.o(.revsh_text), (4 bytes).
    Removing stm32l1xx_ll_rtc.o(.rrx_text), (6 bytes).
    Removing stm32l1xx_ll_rtc.o(i.LL_RTC_ALMA_StructInit), (20 bytes).
    Removing stm32l1xx_ll_rtc.o(i.LL_RTC_ALMB_ConfigTime), (36 bytes).
    Removing stm32l1xx_ll_rtc.o(i.LL_RTC_ALMB_Init), (212 bytes).
    Removing stm32l1xx_ll_rtc.o(i.LL_RTC_ALMB_StructInit), (20 bytes).
    Removing stm32l1xx_ll_rtc.o(i.LL_RTC_DATE_StructInit), (14 bytes).
    Removing stm32l1xx_ll_rtc.o(i.LL_RTC_DeInit), (88 bytes).
    Removing stm32l1xx_ll_rtc.o(i.LL_RTC_ExitInitMode), (10 bytes).
    Removing stm32l1xx_ll_rtc.o(i.LL_RTC_StructInit), (14 bytes).
    Removing stm32l1xx_ll_rtc.o(i.LL_RTC_TIME_StructInit), (12 bytes).
    Removing stm32l1xx_hal_tim.o(.rev16_text), (4 bytes).
    Removing stm32l1xx_hal_tim.o(.revsh_text), (4 bytes).
    Removing stm32l1xx_hal_tim.o(.rrx_text), (6 bytes).
    Removing stm32l1xx_hal_tim_ex.o(.rev16_text), (4 bytes).
    Removing stm32l1xx_hal_tim_ex.o(.revsh_text), (4 bytes).
    Removing stm32l1xx_hal_tim_ex.o(.rrx_text), (6 bytes).
    Removing stm32l1xx_ll_tim.o(.rev16_text), (4 bytes).
    Removing stm32l1xx_ll_tim.o(.revsh_text), (4 bytes).
    Removing stm32l1xx_ll_tim.o(.rrx_text), (6 bytes).
    Removing stm32l1xx_ll_tim.o(i.LL_APB1_GRP1_ForceReset), (16 bytes).
    Removing stm32l1xx_ll_tim.o(i.LL_APB1_GRP1_ReleaseReset), (16 bytes).
    Removing stm32l1xx_ll_tim.o(i.LL_TIM_DeInit), (196 bytes).
    Removing stm32l1xx_ll_tim.o(i.LL_TIM_ENCODER_Init), (96 bytes).
    Removing stm32l1xx_ll_tim.o(i.LL_TIM_ENCODER_StructInit), (28 bytes).
    Removing stm32l1xx_ll_tim.o(i.LL_TIM_IC_Init), (224 bytes).
    Removing stm32l1xx_ll_tim.o(i.LL_TIM_IC_StructInit), (16 bytes).
    Removing stm32l1xx_ll_tim.o(i.LL_TIM_OC_Init), (246 bytes).
    Removing stm32l1xx_ll_tim.o(i.LL_TIM_OC_StructInit), (12 bytes).
    Removing stm32l1xx_ll_tim.o(i.LL_TIM_StructInit), (14 bytes).
    Removing stm32l1xx_ll_usart.o(.rev16_text), (4 bytes).
    Removing stm32l1xx_ll_usart.o(.revsh_text), (4 bytes).
    Removing stm32l1xx_ll_usart.o(.rrx_text), (6 bytes).
    Removing stm32l1xx_ll_usart.o(i.LL_USART_ClockInit), (56 bytes).
    Removing stm32l1xx_ll_usart.o(i.LL_USART_ClockStructInit), (12 bytes).
    Removing stm32l1xx_ll_usart.o(i.LL_USART_DeInit), (100 bytes).
    Removing stm32l1xx_ll_usart.o(i.LL_USART_StructInit), (24 bytes).
    Removing system_stm32l1xx.o(.rev16_text), (4 bytes).
    Removing system_stm32l1xx.o(.revsh_text), (4 bytes).
    Removing system_stm32l1xx.o(.rrx_text), (6 bytes).
    Removing system_stm32l1xx.o(i.SystemCoreClockUpdate), (144 bytes).

330 unused section(s) (total 13853 bytes) removed from the image.

==============================================================================

Image Symbol Table

    Local Symbols

    Symbol Name                              Value     Ov Type        Size  Object(Section)

    ../../../Core/Src/adc.c                  0x00000000   Number         0  adc.o ABSOLUTE
    ../../../Core/Src/dac.c                  0x00000000   Number         0  dac.o ABSOLUTE
    ../../../Core/Src/gpio.c                 0x00000000   Number         0  gpio.o ABSOLUTE
    ../../../Core/Src/i2c.c                  0x00000000   Number         0  i2c.o ABSOLUTE
    ../../../Core/Src/lcd.c                  0x00000000   Number         0  lcd.o ABSOLUTE
    ../../../Core/Src/main.c                 0x00000000   Number         0  main.o ABSOLUTE
    ../../../Core/Src/rtc.c                  0x00000000   Number         0  rtc.o ABSOLUTE
    ../../../Core/Src/stm32l1xx_hal_msp.c    0x00000000   Number         0  stm32l1xx_hal_msp.o ABSOLUTE
    ../../../Core/Src/stm32l1xx_it.c         0x00000000   Number         0  stm32l1xx_it.o ABSOLUTE
    ../../../Core/Src/system_stm32l1xx.c     0x00000000   Number         0  system_stm32l1xx.o ABSOLUTE
    ../../../Core/Src/tim.c                  0x00000000   Number         0  tim.o ABSOLUTE
    ../../../Core/Src/usart.c                0x00000000   Number         0  usart.o ABSOLUTE
    ../../../Drivers/STM32L1xx_HAL_Driver/Src/stm32l1xx_hal.c 0x00000000   Number         0  stm32l1xx_hal.o ABSOLUTE
    ../../../Drivers/STM32L1xx_HAL_Driver/Src/stm32l1xx_hal_cortex.c 0x00000000   Number         0  stm32l1xx_hal_cortex.o ABSOLUTE
    ../../../Drivers/STM32L1xx_HAL_Driver/Src/stm32l1xx_hal_dma.c 0x00000000   Number         0  stm32l1xx_hal_dma.o ABSOLUTE
    ../../../Drivers/STM32L1xx_HAL_Driver/Src/stm32l1xx_hal_exti.c 0x00000000   Number         0  stm32l1xx_hal_exti.o ABSOLUTE
    ../../../Drivers/STM32L1xx_HAL_Driver/Src/stm32l1xx_hal_flash.c 0x00000000   Number         0  stm32l1xx_hal_flash.o ABSOLUTE
    ../../../Drivers/STM32L1xx_HAL_Driver/Src/stm32l1xx_hal_flash_ex.c 0x00000000   Number         0  stm32l1xx_hal_flash_ex.o ABSOLUTE
    ../../../Drivers/STM32L1xx_HAL_Driver/Src/stm32l1xx_hal_flash_ramfunc.c 0x00000000   Number         0  stm32l1xx_hal_flash_ramfunc.o ABSOLUTE
    ../../../Drivers/STM32L1xx_HAL_Driver/Src/stm32l1xx_hal_gpio.c 0x00000000   Number         0  stm32l1xx_hal_gpio.o ABSOLUTE
    ../../../Drivers/STM32L1xx_HAL_Driver/Src/stm32l1xx_hal_lcd.c 0x00000000   Number         0  stm32l1xx_hal_lcd.o ABSOLUTE
    ../../../Drivers/STM32L1xx_HAL_Driver/Src/stm32l1xx_hal_pwr.c 0x00000000   Number         0  stm32l1xx_hal_pwr.o ABSOLUTE
    ../../../Drivers/STM32L1xx_HAL_Driver/Src/stm32l1xx_hal_pwr_ex.c 0x00000000   Number         0  stm32l1xx_hal_pwr_ex.o ABSOLUTE
    ../../../Drivers/STM32L1xx_HAL_Driver/Src/stm32l1xx_hal_rcc.c 0x00000000   Number         0  stm32l1xx_hal_rcc.o ABSOLUTE
    ../../../Drivers/STM32L1xx_HAL_Driver/Src/stm32l1xx_hal_rcc_ex.c 0x00000000   Number         0  stm32l1xx_hal_rcc_ex.o ABSOLUTE
    ../../../Drivers/STM32L1xx_HAL_Driver/Src/stm32l1xx_hal_tim.c 0x00000000   Number         0  stm32l1xx_hal_tim.o ABSOLUTE
    ../../../Drivers/STM32L1xx_HAL_Driver/Src/stm32l1xx_hal_tim_ex.c 0x00000000   Number         0  stm32l1xx_hal_tim_ex.o ABSOLUTE
    ../../../Drivers/STM32L1xx_HAL_Driver/Src/stm32l1xx_ll_adc.c 0x00000000   Number         0  stm32l1xx_ll_adc.o ABSOLUTE
    ../../../Drivers/STM32L1xx_HAL_Driver/Src/stm32l1xx_ll_dac.c 0x00000000   Number         0  stm32l1xx_ll_dac.o ABSOLUTE
    ../../../Drivers/STM32L1xx_HAL_Driver/Src/stm32l1xx_ll_dma.c 0x00000000   Number         0  stm32l1xx_ll_dma.o ABSOLUTE
    ../../../Drivers/STM32L1xx_HAL_Driver/Src/stm32l1xx_ll_exti.c 0x00000000   Number         0  stm32l1xx_ll_exti.o ABSOLUTE
    ../../../Drivers/STM32L1xx_HAL_Driver/Src/stm32l1xx_ll_gpio.c 0x00000000   Number         0  stm32l1xx_ll_gpio.o ABSOLUTE
    ../../../Drivers/STM32L1xx_HAL_Driver/Src/stm32l1xx_ll_i2c.c 0x00000000   Number         0  stm32l1xx_ll_i2c.o ABSOLUTE
    ../../../Drivers/STM32L1xx_HAL_Driver/Src/stm32l1xx_ll_rcc.c 0x00000000   Number         0  stm32l1xx_ll_rcc.o ABSOLUTE
    ../../../Drivers/STM32L1xx_HAL_Driver/Src/stm32l1xx_ll_rtc.c 0x00000000   Number         0  stm32l1xx_ll_rtc.o ABSOLUTE
    ../../../Drivers/STM32L1xx_HAL_Driver/Src/stm32l1xx_ll_tim.c 0x00000000   Number         0  stm32l1xx_ll_tim.o ABSOLUTE
    ../../../Drivers/STM32L1xx_HAL_Driver/Src/stm32l1xx_ll_usart.c 0x00000000   Number         0  stm32l1xx_ll_usart.o ABSOLUTE
    ../../../Drivers/STM32L1xx_HAL_Driver/Src/stm32l1xx_ll_utils.c 0x00000000   Number         0  stm32l1xx_ll_utils.o ABSOLUTE
    ../clib/angel/boardlib.s                 0x00000000   Number         0  boardshut.o ABSOLUTE
    ../clib/angel/boardlib.s                 0x00000000   Number         0  boardinit3.o ABSOLUTE
    ../clib/angel/boardlib.s                 0x00000000   Number         0  boardinit2.o ABSOLUTE
    ../clib/angel/boardlib.s                 0x00000000   Number         0  boardinit1.o ABSOLUTE
    ../clib/angel/handlers.s                 0x00000000   Number         0  __scatter_copy.o ABSOLUTE
    ../clib/angel/handlers.s                 0x00000000   Number         0  __scatter_zi.o ABSOLUTE
    ../clib/angel/kernel.s                   0x00000000   Number         0  __rtentry.o ABSOLUTE
    ../clib/angel/kernel.s                   0x00000000   Number         0  rtexit2.o ABSOLUTE
    ../clib/angel/kernel.s                   0x00000000   Number         0  rtexit.o ABSOLUTE
    ../clib/angel/kernel.s                   0x00000000   Number         0  __rtentry4.o ABSOLUTE
    ../clib/angel/kernel.s                   0x00000000   Number         0  __rtentry2.o ABSOLUTE
    ../clib/angel/rt.s                       0x00000000   Number         0  rt_raise.o ABSOLUTE
    ../clib/angel/rt.s                       0x00000000   Number         0  aeabi_ldiv0_sigfpe.o ABSOLUTE
    ../clib/angel/rt.s                       0x00000000   Number         0  aeabi_ldiv0.o ABSOLUTE
    ../clib/angel/rt.s                       0x00000000   Number         0  rt_div0.o ABSOLUTE
    ../clib/angel/scatter.s                  0x00000000   Number         0  __scatter.o ABSOLUTE
    ../clib/angel/startup.s                  0x00000000   Number         0  __main.o ABSOLUTE
    ../clib/angel/sys.s                      0x00000000   Number         0  indicate_semi.o ABSOLUTE
    ../clib/angel/sys.s                      0x00000000   Number         0  use_no_semi.o ABSOLUTE
    ../clib/angel/sys.s                      0x00000000   Number         0  libspace.o ABSOLUTE
    ../clib/angel/sys.s                      0x00000000   Number         0  sys_stackheap_outer.o ABSOLUTE
    ../clib/angel/sysapp.c                   0x00000000   Number         0  sys_command.o ABSOLUTE
    ../clib/angel/sysapp.c                   0x00000000   Number         0  sys_wrch.o ABSOLUTE
    ../clib/angel/sysapp.c                   0x00000000   Number         0  sys_exit.o ABSOLUTE
    ../clib/armsys.c                         0x00000000   Number         0  _get_argv_nomalloc.o ABSOLUTE
    ../clib/armsys.c                         0x00000000   Number         0  argv_veneer.o ABSOLUTE
    ../clib/armsys.c                         0x00000000   Number         0  argv_veneer.o ABSOLUTE
    ../clib/armsys.c                         0x00000000   Number         0  no_argv.o ABSOLUTE
    ../clib/heapalloc.c                      0x00000000   Number         0  hrguard.o ABSOLUTE
    ../clib/heapaux.c                        0x00000000   Number         0  heapauxi.o ABSOLUTE
    ../clib/libinit.s                        0x00000000   Number         0  libinit.o ABSOLUTE
    ../clib/libinit.s                        0x00000000   Number         0  libshutdown2.o ABSOLUTE
    ../clib/libinit.s                        0x00000000   Number         0  libshutdown.o ABSOLUTE
    ../clib/libinit.s                        0x00000000   Number         0  libinit2.o ABSOLUTE
    ../clib/longlong.s                       0x00000000   Number         0  lludivv7m.o ABSOLUTE
    ../clib/memcpset.s                       0x00000000   Number         0  rt_memclr_w.o ABSOLUTE
    ../clib/signal.c                         0x00000000   Number         0  defsig_abrt_inner.o ABSOLUTE
    ../clib/signal.c                         0x00000000   Number         0  __raise.o ABSOLUTE
    ../clib/signal.c                         0x00000000   Number         0  defsig_general.o ABSOLUTE
    ../clib/signal.c                         0x00000000   Number         0  defsig_stak_inner.o ABSOLUTE
    ../clib/signal.c                         0x00000000   Number         0  defsig_fpe_outer.o ABSOLUTE
    ../clib/signal.c                         0x00000000   Number         0  defsig_fpe_formal.o ABSOLUTE
    ../clib/signal.c                         0x00000000   Number         0  defsig_rtmem_inner.o ABSOLUTE
    ../clib/signal.c                         0x00000000   Number         0  defsig_pvfn_inner.o ABSOLUTE
    ../clib/signal.c                         0x00000000   Number         0  defsig_cppl_inner.o ABSOLUTE
    ../clib/signal.c                         0x00000000   Number         0  defsig_segv_inner.o ABSOLUTE
    ../clib/signal.c                         0x00000000   Number         0  defsig_other.o ABSOLUTE
    ../clib/signal.c                         0x00000000   Number         0  defsig_rtred_inner.o ABSOLUTE
    ../clib/signal.c                         0x00000000   Number         0  defsig_rtmem_formal.o ABSOLUTE
    ../clib/signal.c                         0x00000000   Number         0  defsig_rtmem_outer.o ABSOLUTE
    ../clib/signal.c                         0x00000000   Number         0  defsig_fpe_inner.o ABSOLUTE
    ../clib/signal.c                         0x00000000   Number         0  defsig_exit.o ABSOLUTE
    ../clib/signal.s                         0x00000000   Number         0  defsig.o ABSOLUTE
    ../clib/stdlib.c                         0x00000000   Number         0  exit.o ABSOLUTE
    ../fplib/dcheck1.s                       0x00000000   Number         0  dcheck1.o ABSOLUTE
    ../fplib/ddiv.s                          0x00000000   Number         0  ddiv.o ABSOLUTE
    ../fplib/dfixu.s                         0x00000000   Number         0  dfixu.o ABSOLUTE
    ../fplib/dflt.s                          0x00000000   Number         0  dflt_clz.o ABSOLUTE
    ../fplib/dnaninf.s                       0x00000000   Number         0  dnaninf.o ABSOLUTE
    ../fplib/dretinf.s                       0x00000000   Number         0  dretinf.o ABSOLUTE
    ../fplib/fpinit.s                        0x00000000   Number         0  fpinit.o ABSOLUTE
    ../fplib/retnan.s                        0x00000000   Number         0  retnan.o ABSOLUTE
    ../fplib/scalbn.s                        0x00000000   Number         0  scalbn.o ABSOLUTE
    ../fplib/trapv.s                         0x00000000   Number         0  trapv.o ABSOLUTE
    ../fplib/usenofp.s                       0x00000000   Number         0  usenofp.o ABSOLUTE
    ..\..\..\Core\Src\adc.c                  0x00000000   Number         0  adc.o ABSOLUTE
    ..\..\..\Core\Src\dac.c                  0x00000000   Number         0  dac.o ABSOLUTE
    ..\..\..\Core\Src\gpio.c                 0x00000000   Number         0  gpio.o ABSOLUTE
    ..\..\..\Core\Src\i2c.c                  0x00000000   Number         0  i2c.o ABSOLUTE
    ..\..\..\Core\Src\lcd.c                  0x00000000   Number         0  lcd.o ABSOLUTE
    ..\..\..\Core\Src\main.c                 0x00000000   Number         0  main.o ABSOLUTE
    ..\..\..\Core\Src\rtc.c                  0x00000000   Number         0  rtc.o ABSOLUTE
    ..\..\..\Core\Src\stm32l1xx_hal_msp.c    0x00000000   Number         0  stm32l1xx_hal_msp.o ABSOLUTE
    ..\..\..\Core\Src\stm32l1xx_it.c         0x00000000   Number         0  stm32l1xx_it.o ABSOLUTE
    ..\..\..\Core\Src\system_stm32l1xx.c     0x00000000   Number         0  system_stm32l1xx.o ABSOLUTE
    ..\..\..\Core\Src\tim.c                  0x00000000   Number         0  tim.o ABSOLUTE
    ..\..\..\Core\Src\usart.c                0x00000000   Number         0  usart.o ABSOLUTE
    ..\..\..\Drivers\STM32L1xx_HAL_Driver\Src\stm32l1xx_hal.c 0x00000000   Number         0  stm32l1xx_hal.o ABSOLUTE
    ..\..\..\Drivers\STM32L1xx_HAL_Driver\Src\stm32l1xx_hal_cortex.c 0x00000000   Number         0  stm32l1xx_hal_cortex.o ABSOLUTE
    ..\..\..\Drivers\STM32L1xx_HAL_Driver\Src\stm32l1xx_hal_dma.c 0x00000000   Number         0  stm32l1xx_hal_dma.o ABSOLUTE
    ..\..\..\Drivers\STM32L1xx_HAL_Driver\Src\stm32l1xx_hal_exti.c 0x00000000   Number         0  stm32l1xx_hal_exti.o ABSOLUTE
    ..\..\..\Drivers\STM32L1xx_HAL_Driver\Src\stm32l1xx_hal_flash.c 0x00000000   Number         0  stm32l1xx_hal_flash.o ABSOLUTE
    ..\..\..\Drivers\STM32L1xx_HAL_Driver\Src\stm32l1xx_hal_flash_ex.c 0x00000000   Number         0  stm32l1xx_hal_flash_ex.o ABSOLUTE
    ..\..\..\Drivers\STM32L1xx_HAL_Driver\Src\stm32l1xx_hal_flash_ramfunc.c 0x00000000   Number         0  stm32l1xx_hal_flash_ramfunc.o ABSOLUTE
    ..\..\..\Drivers\STM32L1xx_HAL_Driver\Src\stm32l1xx_hal_gpio.c 0x00000000   Number         0  stm32l1xx_hal_gpio.o ABSOLUTE
    ..\..\..\Drivers\STM32L1xx_HAL_Driver\Src\stm32l1xx_hal_lcd.c 0x00000000   Number         0  stm32l1xx_hal_lcd.o ABSOLUTE
    ..\..\..\Drivers\STM32L1xx_HAL_Driver\Src\stm32l1xx_hal_pwr.c 0x00000000   Number         0  stm32l1xx_hal_pwr.o ABSOLUTE
    ..\..\..\Drivers\STM32L1xx_HAL_Driver\Src\stm32l1xx_hal_pwr_ex.c 0x00000000   Number         0  stm32l1xx_hal_pwr_ex.o ABSOLUTE
    ..\..\..\Drivers\STM32L1xx_HAL_Driver\Src\stm32l1xx_hal_rcc.c 0x00000000   Number         0  stm32l1xx_hal_rcc.o ABSOLUTE
    ..\..\..\Drivers\STM32L1xx_HAL_Driver\Src\stm32l1xx_hal_rcc_ex.c 0x00000000   Number         0  stm32l1xx_hal_rcc_ex.o ABSOLUTE
    ..\..\..\Drivers\STM32L1xx_HAL_Driver\Src\stm32l1xx_hal_tim.c 0x00000000   Number         0  stm32l1xx_hal_tim.o ABSOLUTE
    ..\..\..\Drivers\STM32L1xx_HAL_Driver\Src\stm32l1xx_hal_tim_ex.c 0x00000000   Number         0  stm32l1xx_hal_tim_ex.o ABSOLUTE
    ..\..\..\Drivers\STM32L1xx_HAL_Driver\Src\stm32l1xx_ll_adc.c 0x00000000   Number         0  stm32l1xx_ll_adc.o ABSOLUTE
    ..\..\..\Drivers\STM32L1xx_HAL_Driver\Src\stm32l1xx_ll_dac.c 0x00000000   Number         0  stm32l1xx_ll_dac.o ABSOLUTE
    ..\..\..\Drivers\STM32L1xx_HAL_Driver\Src\stm32l1xx_ll_dma.c 0x00000000   Number         0  stm32l1xx_ll_dma.o ABSOLUTE
    ..\..\..\Drivers\STM32L1xx_HAL_Driver\Src\stm32l1xx_ll_exti.c 0x00000000   Number         0  stm32l1xx_ll_exti.o ABSOLUTE
    ..\..\..\Drivers\STM32L1xx_HAL_Driver\Src\stm32l1xx_ll_gpio.c 0x00000000   Number         0  stm32l1xx_ll_gpio.o ABSOLUTE
    ..\..\..\Drivers\STM32L1xx_HAL_Driver\Src\stm32l1xx_ll_i2c.c 0x00000000   Number         0  stm32l1xx_ll_i2c.o ABSOLUTE
    ..\..\..\Drivers\STM32L1xx_HAL_Driver\Src\stm32l1xx_ll_rcc.c 0x00000000   Number         0  stm32l1xx_ll_rcc.o ABSOLUTE
    ..\..\..\Drivers\STM32L1xx_HAL_Driver\Src\stm32l1xx_ll_rtc.c 0x00000000   Number         0  stm32l1xx_ll_rtc.o ABSOLUTE
    ..\..\..\Drivers\STM32L1xx_HAL_Driver\Src\stm32l1xx_ll_tim.c 0x00000000   Number         0  stm32l1xx_ll_tim.o ABSOLUTE
    ..\..\..\Drivers\STM32L1xx_HAL_Driver\Src\stm32l1xx_ll_usart.c 0x00000000   Number         0  stm32l1xx_ll_usart.o ABSOLUTE
    ..\..\..\Drivers\STM32L1xx_HAL_Driver\Src\stm32l1xx_ll_utils.c 0x00000000   Number         0  stm32l1xx_ll_utils.o ABSOLUTE
    dc.s                                     0x00000000   Number         0  dc.o ABSOLUTE
    startup_stm32l152xba.s                   0x00000000   Number         0  startup_stm32l152xba.o ABSOLUTE
    RESET                                    0x08000000   Section      244  startup_stm32l152xba.o(RESET)
    !!!main                                  0x080000f4   Section        8  __main.o(!!!main)
    !!!scatter                               0x080000fc   Section       52  __scatter.o(!!!scatter)
    !!handler_copy                           0x08000130   Section       26  __scatter_copy.o(!!handler_copy)
    !!handler_zi                             0x0800014c   Section       28  __scatter_zi.o(!!handler_zi)
    .ARM.Collect$$libinit$$00000000          0x08000168   Section        2  libinit.o(.ARM.Collect$$libinit$$00000000)
    .ARM.Collect$$libinit$$00000002          0x0800016a   Section        0  libinit2.o(.ARM.Collect$$libinit$$00000002)
    .ARM.Collect$$libinit$$00000004          0x0800016a   Section        0  libinit2.o(.ARM.Collect$$libinit$$00000004)
    .ARM.Collect$$libinit$$0000000A          0x0800016a   Section        0  libinit2.o(.ARM.Collect$$libinit$$0000000A)
    .ARM.Collect$$libinit$$0000000C          0x0800016a   Section        0  libinit2.o(.ARM.Collect$$libinit$$0000000C)
    .ARM.Collect$$libinit$$0000000E          0x0800016a   Section        0  libinit2.o(.ARM.Collect$$libinit$$0000000E)
    .ARM.Collect$$libinit$$00000011          0x0800016a   Section        0  libinit2.o(.ARM.Collect$$libinit$$00000011)
    .ARM.Collect$$libinit$$00000013          0x0800016a   Section        0  libinit2.o(.ARM.Collect$$libinit$$00000013)
    .ARM.Collect$$libinit$$00000015          0x0800016a   Section        0  libinit2.o(.ARM.Collect$$libinit$$00000015)
    .ARM.Collect$$libinit$$00000017          0x0800016a   Section        0  libinit2.o(.ARM.Collect$$libinit$$00000017)
    .ARM.Collect$$libinit$$00000019          0x0800016a   Section        0  libinit2.o(.ARM.Collect$$libinit$$00000019)
    .ARM.Collect$$libinit$$0000001B          0x0800016a   Section        0  libinit2.o(.ARM.Collect$$libinit$$0000001B)
    .ARM.Collect$$libinit$$0000001D          0x0800016a   Section        0  libinit2.o(.ARM.Collect$$libinit$$0000001D)
    .ARM.Collect$$libinit$$0000001F          0x0800016a   Section        0  libinit2.o(.ARM.Collect$$libinit$$0000001F)
    .ARM.Collect$$libinit$$00000021          0x0800016a   Section        0  libinit2.o(.ARM.Collect$$libinit$$00000021)
    .ARM.Collect$$libinit$$00000023          0x0800016a   Section        0  libinit2.o(.ARM.Collect$$libinit$$00000023)
    .ARM.Collect$$libinit$$00000025          0x0800016a   Section        0  libinit2.o(.ARM.Collect$$libinit$$00000025)
    .ARM.Collect$$libinit$$0000002C          0x0800016a   Section        0  libinit2.o(.ARM.Collect$$libinit$$0000002C)
    .ARM.Collect$$libinit$$0000002E          0x0800016a   Section        0  libinit2.o(.ARM.Collect$$libinit$$0000002E)
    .ARM.Collect$$libinit$$00000030          0x0800016a   Section        0  libinit2.o(.ARM.Collect$$libinit$$00000030)
    .ARM.Collect$$libinit$$00000032          0x0800016a   Section        0  libinit2.o(.ARM.Collect$$libinit$$00000032)
    .ARM.Collect$$libinit$$00000033          0x0800016a   Section        2  libinit2.o(.ARM.Collect$$libinit$$00000033)
    .ARM.Collect$$libshutdown$$00000000      0x0800016c   Section        2  libshutdown.o(.ARM.Collect$$libshutdown$$00000000)
    .ARM.Collect$$libshutdown$$00000002      0x0800016e   Section        0  libshutdown2.o(.ARM.Collect$$libshutdown$$00000002)
    .ARM.Collect$$libshutdown$$00000004      0x0800016e   Section        0  libshutdown2.o(.ARM.Collect$$libshutdown$$00000004)
    .ARM.Collect$$libshutdown$$00000007      0x0800016e   Section        0  libshutdown2.o(.ARM.Collect$$libshutdown$$00000007)
    .ARM.Collect$$libshutdown$$0000000A      0x0800016e   Section        0  libshutdown2.o(.ARM.Collect$$libshutdown$$0000000A)
    .ARM.Collect$$libshutdown$$0000000C      0x0800016e   Section        0  libshutdown2.o(.ARM.Collect$$libshutdown$$0000000C)
    .ARM.Collect$$libshutdown$$0000000F      0x0800016e   Section        0  libshutdown2.o(.ARM.Collect$$libshutdown$$0000000F)
    .ARM.Collect$$libshutdown$$00000010      0x0800016e   Section        2  libshutdown2.o(.ARM.Collect$$libshutdown$$00000010)
    .ARM.Collect$$rtentry$$00000000          0x08000170   Section        0  __rtentry.o(.ARM.Collect$$rtentry$$00000000)
    .ARM.Collect$$rtentry$$00000002          0x08000170   Section        0  __rtentry2.o(.ARM.Collect$$rtentry$$00000002)
    .ARM.Collect$$rtentry$$00000004          0x08000170   Section        6  __rtentry4.o(.ARM.Collect$$rtentry$$00000004)
    .ARM.Collect$$rtentry$$00000009          0x08000176   Section        0  __rtentry2.o(.ARM.Collect$$rtentry$$00000009)
    .ARM.Collect$$rtentry$$0000000A          0x08000176   Section        4  __rtentry2.o(.ARM.Collect$$rtentry$$0000000A)
    .ARM.Collect$$rtentry$$0000000C          0x0800017a   Section        0  __rtentry2.o(.ARM.Collect$$rtentry$$0000000C)
    .ARM.Collect$$rtentry$$0000000D          0x0800017a   Section        8  __rtentry2.o(.ARM.Collect$$rtentry$$0000000D)
    .ARM.Collect$$rtexit$$00000000           0x08000182   Section        2  rtexit.o(.ARM.Collect$$rtexit$$00000000)
    .ARM.Collect$$rtexit$$00000002           0x08000184   Section        0  rtexit2.o(.ARM.Collect$$rtexit$$00000002)
    .ARM.Collect$$rtexit$$00000003           0x08000184   Section        4  rtexit2.o(.ARM.Collect$$rtexit$$00000003)
    .ARM.Collect$$rtexit$$00000004           0x08000188   Section        6  rtexit2.o(.ARM.Collect$$rtexit$$00000004)
    .text                                    0x08000190   Section       64  startup_stm32l152xba.o(.text)
    .text                                    0x080001d0   Section       78  rt_memclr_w.o(.text)
    .text                                    0x0800021e   Section        0  heapauxi.o(.text)
    .text                                    0x08000224   Section       74  sys_stackheap_outer.o(.text)
    .text                                    0x0800026e   Section        0  exit.o(.text)
    .text                                    0x08000280   Section        8  libspace.o(.text)
    .text                                    0x08000288   Section        0  sys_exit.o(.text)
    .text                                    0x08000294   Section        2  use_no_semi.o(.text)
    .text                                    0x08000296   Section        0  indicate_semi.o(.text)
    i.ADC_Get_Value                          0x08000298   Section        0  main.o(i.ADC_Get_Value)
    i.BusFault_Handler                       0x080002fc   Section        0  stm32l1xx_it.o(i.BusFault_Handler)
    i.DebugMon_Handler                       0x080002fe   Section        0  stm32l1xx_it.o(i.DebugMon_Handler)
    i.Error_Handler                          0x08000300   Section        0  main.o(i.Error_Handler)
    i.HAL_GPIO_Init                          0x08000304   Section        0  stm32l1xx_hal_gpio.o(i.HAL_GPIO_Init)
    i.HAL_GetTick                            0x08000538   Section        0  stm32l1xx_hal.o(i.HAL_GetTick)
    i.HAL_IncTick                            0x08000544   Section        0  stm32l1xx_hal.o(i.HAL_IncTick)
    i.HAL_Init                               0x08000554   Section        0  stm32l1xx_hal.o(i.HAL_Init)
    i.HAL_InitTick                           0x08000574   Section        0  main.o(i.HAL_InitTick)
    i.HAL_LCD_Init                           0x080005c8   Section        0  stm32l1xx_hal_lcd.o(i.HAL_LCD_Init)
    i.HAL_LCD_MspInit                        0x080006c8   Section        0  lcd.o(i.HAL_LCD_MspInit)
    i.HAL_MspInit                            0x0800075c   Section        0  stm32l1xx_hal_msp.o(i.HAL_MspInit)
    i.HAL_NVIC_SetPriority                   0x08000798   Section        0  stm32l1xx_hal_cortex.o(i.HAL_NVIC_SetPriority)
    i.HAL_NVIC_SetPriorityGrouping           0x080007d8   Section        0  stm32l1xx_hal_cortex.o(i.HAL_NVIC_SetPriorityGrouping)
    i.HAL_SYSTICK_Config                     0x080007fc   Section        0  stm32l1xx_hal_cortex.o(i.HAL_SYSTICK_Config)
    i.HardFault_Handler                      0x08000824   Section        0  stm32l1xx_it.o(i.HardFault_Handler)
    i.LCD_WaitForSynchro                     0x08000826   Section        0  stm32l1xx_hal_lcd.o(i.LCD_WaitForSynchro)
    i.LL_ADC_CommonInit                      0x08000858   Section        0  stm32l1xx_ll_adc.o(i.LL_ADC_CommonInit)
    i.LL_ADC_Init                            0x0800087c   Section        0  stm32l1xx_ll_adc.o(i.LL_ADC_Init)
    i.LL_ADC_REG_Init                        0x080008c0   Section        0  stm32l1xx_ll_adc.o(i.LL_ADC_REG_Init)
    i.LL_AHB1_GRP1_EnableClock               0x08000918   Section        0  gpio.o(i.LL_AHB1_GRP1_EnableClock)
    LL_AHB1_GRP1_EnableClock                 0x08000919   Thumb Code    18  gpio.o(i.LL_AHB1_GRP1_EnableClock)
    i.LL_AHB1_GRP1_EnableClock               0x08000930   Section        0  adc.o(i.LL_AHB1_GRP1_EnableClock)
    LL_AHB1_GRP1_EnableClock                 0x08000931   Thumb Code    18  adc.o(i.LL_AHB1_GRP1_EnableClock)
    i.LL_DAC_Init                            0x08000948   Section        0  stm32l1xx_ll_dac.o(i.LL_DAC_Init)
    i.LL_EXTI_Init                           0x08000998   Section        0  stm32l1xx_ll_exti.o(i.LL_EXTI_Init)
    i.LL_GPIO_Init                           0x08000a38   Section        0  stm32l1xx_ll_gpio.o(i.LL_GPIO_Init)
    i.LL_I2C_ConfigSpeed                     0x08000b70   Section        0  stm32l1xx_ll_i2c.o(i.LL_I2C_ConfigSpeed)
    LL_I2C_ConfigSpeed                       0x08000b71   Thumb Code   134  stm32l1xx_ll_i2c.o(i.LL_I2C_ConfigSpeed)
    i.LL_I2C_Init                            0x08000c00   Section        0  stm32l1xx_ll_i2c.o(i.LL_I2C_Init)
    i.LL_RCC_GetSystemClocksFreq             0x08000c58   Section        0  stm32l1xx_ll_rcc.o(i.LL_RCC_GetSystemClocksFreq)
    i.LL_RTC_ALMA_ConfigTime                 0x08000ca8   Section        0  stm32l1xx_ll_rtc.o(i.LL_RTC_ALMA_ConfigTime)
    LL_RTC_ALMA_ConfigTime                   0x08000ca9   Thumb Code    32  stm32l1xx_ll_rtc.o(i.LL_RTC_ALMA_ConfigTime)
    i.LL_RTC_ALMA_Init                       0x08000ccc   Section        0  stm32l1xx_ll_rtc.o(i.LL_RTC_ALMA_Init)
    i.LL_RTC_DATE_Config                     0x08000da0   Section        0  stm32l1xx_ll_rtc.o(i.LL_RTC_DATE_Config)
    LL_RTC_DATE_Config                       0x08000da1   Thumb Code    34  stm32l1xx_ll_rtc.o(i.LL_RTC_DATE_Config)
    i.LL_RTC_DATE_Init                       0x08000dc8   Section        0  stm32l1xx_ll_rtc.o(i.LL_RTC_DATE_Init)
    i.LL_RTC_EnterInitMode                   0x08000e6c   Section        0  stm32l1xx_ll_rtc.o(i.LL_RTC_EnterInitMode)
    i.LL_RTC_Init                            0x08000eb2   Section        0  stm32l1xx_ll_rtc.o(i.LL_RTC_Init)
    i.LL_RTC_TIME_Config                     0x08000f04   Section        0  stm32l1xx_ll_rtc.o(i.LL_RTC_TIME_Config)
    LL_RTC_TIME_Config                       0x08000f05   Thumb Code    32  stm32l1xx_ll_rtc.o(i.LL_RTC_TIME_Config)
    i.LL_RTC_TIME_Init                       0x08000f28   Section        0  stm32l1xx_ll_rtc.o(i.LL_RTC_TIME_Init)
    i.LL_RTC_WaitForSynchro                  0x08000fc6   Section        0  stm32l1xx_ll_rtc.o(i.LL_RTC_WaitForSynchro)
    i.LL_SetSystemCoreClock                  0x0800100c   Section        0  stm32l1xx_ll_utils.o(i.LL_SetSystemCoreClock)
    i.LL_TIM_Init                            0x08001018   Section        0  stm32l1xx_ll_tim.o(i.LL_TIM_Init)
    i.LL_USART_Init                          0x08001088   Section        0  stm32l1xx_ll_usart.o(i.LL_USART_Init)
    i.LL_USART_SetBaudRate                   0x0800110c   Section        0  stm32l1xx_ll_usart.o(i.LL_USART_SetBaudRate)
    LL_USART_SetBaudRate                     0x0800110d   Thumb Code   192  stm32l1xx_ll_usart.o(i.LL_USART_SetBaudRate)
    i.LL_mDelay                              0x080011cc   Section        0  stm32l1xx_ll_utils.o(i.LL_mDelay)
    i.MX_ADC_Init                            0x080011ec   Section        0  adc.o(i.MX_ADC_Init)
    i.MX_DAC_Init                            0x0800130c   Section        0  dac.o(i.MX_DAC_Init)
    i.MX_GPIO_Init                           0x08001380   Section        0  gpio.o(i.MX_GPIO_Init)
    i.MX_I2C1_Init                           0x080014b8   Section        0  i2c.o(i.MX_I2C1_Init)
    i.MX_LCD_Init                            0x08001584   Section        0  lcd.o(i.MX_LCD_Init)
    i.MX_RTC_Init                            0x080015c4   Section        0  rtc.o(i.MX_RTC_Init)
    i.MX_TIM2_Init                           0x080016bc   Section        0  tim.o(i.MX_TIM2_Init)
    i.MX_USART1_UART_Init                    0x080017a8   Section        0  usart.o(i.MX_USART1_UART_Init)
    i.MemManage_Handler                      0x0800186c   Section        0  stm32l1xx_it.o(i.MemManage_Handler)
    i.NMI_Handler                            0x0800186e   Section        0  stm32l1xx_it.o(i.NMI_Handler)
    i.PendSV_Handler                         0x08001870   Section        0  stm32l1xx_it.o(i.PendSV_Handler)
    i.RCC_GetSystemClockFreq                 0x08001874   Section        0  stm32l1xx_ll_rcc.o(i.RCC_GetSystemClockFreq)
    RCC_GetSystemClockFreq                   0x08001875   Thumb Code   108  stm32l1xx_ll_rcc.o(i.RCC_GetSystemClockFreq)
    i.SVC_Handler                            0x080018f0   Section        0  stm32l1xx_it.o(i.SVC_Handler)
    i.SysTick_Handler                        0x080018f2   Section        0  stm32l1xx_it.o(i.SysTick_Handler)
    i.SystemClock_Config                     0x080018f8   Section        0  main.o(i.SystemClock_Config)
    i.SystemInit                             0x08001a14   Section        0  system_stm32l1xx.o(i.SystemInit)
    i.UsageFault_Handler                     0x08001a16   Section        0  stm32l1xx_it.o(i.UsageFault_Handler)
    i.__NVIC_SetPriority                     0x08001a18   Section        0  stm32l1xx_hal_cortex.o(i.__NVIC_SetPriority)
    __NVIC_SetPriority                       0x08001a19   Thumb Code    32  stm32l1xx_hal_cortex.o(i.__NVIC_SetPriority)
    i.main                                   0x08001a38   Section        0  main.o(i.main)
    x$fpl$dcheck1                            0x08001a84   Section       16  dcheck1.o(x$fpl$dcheck1)
    x$fpl$ddiv                               0x08001a94   Section      688  ddiv.o(x$fpl$ddiv)
    ddiv_entry                               0x08001a9b   Thumb Code     0  ddiv.o(x$fpl$ddiv)
    x$fpl$dfixu                              0x08001d44   Section       90  dfixu.o(x$fpl$dfixu)
    x$fpl$dfltu                              0x08001d9e   Section       38  dflt_clz.o(x$fpl$dfltu)
    x$fpl$dnaninf                            0x08001dc4   Section      156  dnaninf.o(x$fpl$dnaninf)
    x$fpl$dretinf                            0x08001e60   Section       12  dretinf.o(x$fpl$dretinf)
    x$fpl$retnan                             0x08001e6c   Section      100  retnan.o(x$fpl$retnan)
    x$fpl$scalbn                             0x08001ed0   Section       92  scalbn.o(x$fpl$scalbn)
    x$fpl$trapveneer                         0x08001f2c   Section       48  trapv.o(x$fpl$trapveneer)
    .constdata                               0x08001f5c   Section       21  tim.o(.constdata)
    x$fpl$usenofp                            0x08001f5c   Section        0  usenofp.o(x$fpl$usenofp)
    OFFSET_TAB_CCMRx                         0x08001f5c   Data           7  tim.o(.constdata)
    SHIFT_TAB_ICxx                           0x08001f63   Data           7  tim.o(.constdata)
    SHIFT_TAB_CCxP                           0x08001f6a   Data           7  tim.o(.constdata)
    .constdata                               0x08001f71   Section       25  system_stm32l1xx.o(.constdata)
    .constdata                               0x08001f8a   Section        8  system_stm32l1xx.o(.constdata)
    .data                                    0x20000000   Section        6  main.o(.data)
    .data                                    0x20000008   Section       12  stm32l1xx_hal.o(.data)
    .data                                    0x20000014   Section        4  system_stm32l1xx.o(.data)
    .bss                                     0x20000018   Section       60  lcd.o(.bss)
    .bss                                     0x20000054   Section       96  libspace.o(.bss)
    HEAP                                     0x200000b8   Section      512  startup_stm32l152xba.o(HEAP)
    Heap_Mem                                 0x200000b8   Data         512  startup_stm32l152xba.o(HEAP)
    STACK                                    0x200002b8   Section     1024  startup_stm32l152xba.o(STACK)
    Stack_Mem                                0x200002b8   Data        1024  startup_stm32l152xba.o(STACK)
    __initial_sp                             0x200006b8   Data           0  startup_stm32l152xba.o(STACK)

    Global Symbols

    Symbol Name                              Value     Ov Type        Size  Object(Section)

    BuildAttributes$$THM_ISAv4$P$D$K$B$S$PE$A:L22UL41UL21$X:L11$S22US41US21$IEEE1$IW$USESV6$~STKCKD$USESV7$~SHL$OSPACE$ROPI$EBA8$UX$STANDARDLIB$REQ8$PRES8$EABIv2 0x00000000   Number         0  anon$$obj.o ABSOLUTE
    __ARM_use_no_argv                        0x00000000   Number         0  main.o ABSOLUTE
    __ARM_exceptions_init                     - Undefined Weak Reference
    __alloca_initialize                       - Undefined Weak Reference
    __arm_preinit_                            - Undefined Weak Reference
    __cpp_initialize__aeabi_                  - Undefined Weak Reference
    __cxa_finalize                            - Undefined Weak Reference
    __rt_locale                               - Undefined Weak Reference
    __sigvec_lookup                           - Undefined Weak Reference
    _atexit_init                              - Undefined Weak Reference
    _call_atexit_fns                          - Undefined Weak Reference
    _clock_init                               - Undefined Weak Reference
    _fp_trap_init                             - Undefined Weak Reference
    _fp_trap_shutdown                         - Undefined Weak Reference
    _get_lc_collate                           - Undefined Weak Reference
    _get_lc_ctype                             - Undefined Weak Reference
    _get_lc_monetary                          - Undefined Weak Reference
    _get_lc_numeric                           - Undefined Weak Reference
    _get_lc_time                              - Undefined Weak Reference
    _getenv_init                              - Undefined Weak Reference
    _handle_redirection                       - Undefined Weak Reference
    _init_alloc                               - Undefined Weak Reference
    _init_user_alloc                          - Undefined Weak Reference
    _initio                                   - Undefined Weak Reference
    _rand_init                                - Undefined Weak Reference
    _signal_finish                            - Undefined Weak Reference
    _signal_init                              - Undefined Weak Reference
    _terminate_alloc                          - Undefined Weak Reference
    _terminate_user_alloc                     - Undefined Weak Reference
    _terminateio                              - Undefined Weak Reference
    __Vectors_Size                           0x000000f4   Number         0  startup_stm32l152xba.o ABSOLUTE
    __Vectors                                0x08000000   Data           4  startup_stm32l152xba.o(RESET)
    __Vectors_End                            0x080000f4   Data           0  startup_stm32l152xba.o(RESET)
    __main                                   0x080000f5   Thumb Code     8  __main.o(!!!main)
    __scatterload                            0x080000fd   Thumb Code     0  __scatter.o(!!!scatter)
    __scatterload_rt2                        0x080000fd   Thumb Code    44  __scatter.o(!!!scatter)
    __scatterload_rt2_thumb_only             0x080000fd   Thumb Code     0  __scatter.o(!!!scatter)
    __scatterload_null                       0x0800010b   Thumb Code     0  __scatter.o(!!!scatter)
    __scatterload_copy                       0x08000131   Thumb Code    26  __scatter_copy.o(!!handler_copy)
    __scatterload_zeroinit                   0x0800014d   Thumb Code    28  __scatter_zi.o(!!handler_zi)
    __rt_lib_init                            0x08000169   Thumb Code     0  libinit.o(.ARM.Collect$$libinit$$00000000)
    __rt_lib_init_alloca_1                   0x0800016b   Thumb Code     0  libinit2.o(.ARM.Collect$$libinit$$0000002E)
    __rt_lib_init_argv_1                     0x0800016b   Thumb Code     0  libinit2.o(.ARM.Collect$$libinit$$0000002C)
    __rt_lib_init_atexit_1                   0x0800016b   Thumb Code     0  libinit2.o(.ARM.Collect$$libinit$$0000001B)
    __rt_lib_init_clock_1                    0x0800016b   Thumb Code     0  libinit2.o(.ARM.Collect$$libinit$$00000021)
    __rt_lib_init_cpp_1                      0x0800016b   Thumb Code     0  libinit2.o(.ARM.Collect$$libinit$$00000032)
    __rt_lib_init_exceptions_1               0x0800016b   Thumb Code     0  libinit2.o(.ARM.Collect$$libinit$$00000030)
    __rt_lib_init_fp_1                       0x0800016b   Thumb Code     0  libinit2.o(.ARM.Collect$$libinit$$00000002)
    __rt_lib_init_fp_trap_1                  0x0800016b   Thumb Code     0  libinit2.o(.ARM.Collect$$libinit$$0000001F)
    __rt_lib_init_getenv_1                   0x0800016b   Thumb Code     0  libinit2.o(.ARM.Collect$$libinit$$00000023)
    __rt_lib_init_heap_1                     0x0800016b   Thumb Code     0  libinit2.o(.ARM.Collect$$libinit$$0000000A)
    __rt_lib_init_lc_collate_1               0x0800016b   Thumb Code     0  libinit2.o(.ARM.Collect$$libinit$$00000011)
    __rt_lib_init_lc_ctype_1                 0x0800016b   Thumb Code     0  libinit2.o(.ARM.Collect$$libinit$$00000013)
    __rt_lib_init_lc_monetary_1              0x0800016b   Thumb Code     0  libinit2.o(.ARM.Collect$$libinit$$00000015)
    __rt_lib_init_lc_numeric_1               0x0800016b   Thumb Code     0  libinit2.o(.ARM.Collect$$libinit$$00000017)
    __rt_lib_init_lc_time_1                  0x0800016b   Thumb Code     0  libinit2.o(.ARM.Collect$$libinit$$00000019)
    __rt_lib_init_preinit_1                  0x0800016b   Thumb Code     0  libinit2.o(.ARM.Collect$$libinit$$00000004)
    __rt_lib_init_rand_1                     0x0800016b   Thumb Code     0  libinit2.o(.ARM.Collect$$libinit$$0000000E)
    __rt_lib_init_return                     0x0800016b   Thumb Code     0  libinit2.o(.ARM.Collect$$libinit$$00000033)
    __rt_lib_init_signal_1                   0x0800016b   Thumb Code     0  libinit2.o(.ARM.Collect$$libinit$$0000001D)
    __rt_lib_init_stdio_1                    0x0800016b   Thumb Code     0  libinit2.o(.ARM.Collect$$libinit$$00000025)
    __rt_lib_init_user_alloc_1               0x0800016b   Thumb Code     0  libinit2.o(.ARM.Collect$$libinit$$0000000C)
    __rt_lib_shutdown                        0x0800016d   Thumb Code     0  libshutdown.o(.ARM.Collect$$libshutdown$$00000000)
    __rt_lib_shutdown_cpp_1                  0x0800016f   Thumb Code     0  libshutdown2.o(.ARM.Collect$$libshutdown$$00000002)
    __rt_lib_shutdown_fp_trap_1              0x0800016f   Thumb Code     0  libshutdown2.o(.ARM.Collect$$libshutdown$$00000007)
    __rt_lib_shutdown_heap_1                 0x0800016f   Thumb Code     0  libshutdown2.o(.ARM.Collect$$libshutdown$$0000000F)
    __rt_lib_shutdown_return                 0x0800016f   Thumb Code     0  libshutdown2.o(.ARM.Collect$$libshutdown$$00000010)
    __rt_lib_shutdown_signal_1               0x0800016f   Thumb Code     0  libshutdown2.o(.ARM.Collect$$libshutdown$$0000000A)
    __rt_lib_shutdown_stdio_1                0x0800016f   Thumb Code     0  libshutdown2.o(.ARM.Collect$$libshutdown$$00000004)
    __rt_lib_shutdown_user_alloc_1           0x0800016f   Thumb Code     0  libshutdown2.o(.ARM.Collect$$libshutdown$$0000000C)
    __rt_entry                               0x08000171   Thumb Code     0  __rtentry.o(.ARM.Collect$$rtentry$$00000000)
    __rt_entry_presh_1                       0x08000171   Thumb Code     0  __rtentry2.o(.ARM.Collect$$rtentry$$00000002)
    __rt_entry_sh                            0x08000171   Thumb Code     0  __rtentry4.o(.ARM.Collect$$rtentry$$00000004)
    __rt_entry_li                            0x08000177   Thumb Code     0  __rtentry2.o(.ARM.Collect$$rtentry$$0000000A)
    __rt_entry_postsh_1                      0x08000177   Thumb Code     0  __rtentry2.o(.ARM.Collect$$rtentry$$00000009)
    __rt_entry_main                          0x0800017b   Thumb Code     0  __rtentry2.o(.ARM.Collect$$rtentry$$0000000D)
    __rt_entry_postli_1                      0x0800017b   Thumb Code     0  __rtentry2.o(.ARM.Collect$$rtentry$$0000000C)
    __rt_exit                                0x08000183   Thumb Code     0  rtexit.o(.ARM.Collect$$rtexit$$00000000)
    __rt_exit_ls                             0x08000185   Thumb Code     0  rtexit2.o(.ARM.Collect$$rtexit$$00000003)
    __rt_exit_prels_1                        0x08000185   Thumb Code     0  rtexit2.o(.ARM.Collect$$rtexit$$00000002)
    __rt_exit_exit                           0x08000189   Thumb Code     0  rtexit2.o(.ARM.Collect$$rtexit$$00000004)
    Reset_Handler                            0x08000191   Thumb Code     8  startup_stm32l152xba.o(.text)
    ADC1_IRQHandler                          0x080001ab   Thumb Code     0  startup_stm32l152xba.o(.text)
    COMP_IRQHandler                          0x080001ab   Thumb Code     0  startup_stm32l152xba.o(.text)
    DAC_IRQHandler                           0x080001ab   Thumb Code     0  startup_stm32l152xba.o(.text)
    DMA1_Channel1_IRQHandler                 0x080001ab   Thumb Code     0  startup_stm32l152xba.o(.text)
    DMA1_Channel2_IRQHandler                 0x080001ab   Thumb Code     0  startup_stm32l152xba.o(.text)
    DMA1_Channel3_IRQHandler                 0x080001ab   Thumb Code     0  startup_stm32l152xba.o(.text)
    DMA1_Channel4_IRQHandler                 0x080001ab   Thumb Code     0  startup_stm32l152xba.o(.text)
    DMA1_Channel5_IRQHandler                 0x080001ab   Thumb Code     0  startup_stm32l152xba.o(.text)
    DMA1_Channel6_IRQHandler                 0x080001ab   Thumb Code     0  startup_stm32l152xba.o(.text)
    DMA1_Channel7_IRQHandler                 0x080001ab   Thumb Code     0  startup_stm32l152xba.o(.text)
    EXTI0_IRQHandler                         0x080001ab   Thumb Code     0  startup_stm32l152xba.o(.text)
    EXTI15_10_IRQHandler                     0x080001ab   Thumb Code     0  startup_stm32l152xba.o(.text)
    EXTI1_IRQHandler                         0x080001ab   Thumb Code     0  startup_stm32l152xba.o(.text)
    EXTI2_IRQHandler                         0x080001ab   Thumb Code     0  startup_stm32l152xba.o(.text)
    EXTI3_IRQHandler                         0x080001ab   Thumb Code     0  startup_stm32l152xba.o(.text)
    EXTI4_IRQHandler                         0x080001ab   Thumb Code     0  startup_stm32l152xba.o(.text)
    EXTI9_5_IRQHandler                       0x080001ab   Thumb Code     0  startup_stm32l152xba.o(.text)
    FLASH_IRQHandler                         0x080001ab   Thumb Code     0  startup_stm32l152xba.o(.text)
    I2C1_ER_IRQHandler                       0x080001ab   Thumb Code     0  startup_stm32l152xba.o(.text)
    I2C1_EV_IRQHandler                       0x080001ab   Thumb Code     0  startup_stm32l152xba.o(.text)
    I2C2_ER_IRQHandler                       0x080001ab   Thumb Code     0  startup_stm32l152xba.o(.text)
    I2C2_EV_IRQHandler                       0x080001ab   Thumb Code     0  startup_stm32l152xba.o(.text)
    LCD_IRQHandler                           0x080001ab   Thumb Code     0  startup_stm32l152xba.o(.text)
    PVD_IRQHandler                           0x080001ab   Thumb Code     0  startup_stm32l152xba.o(.text)
    RCC_IRQHandler                           0x080001ab   Thumb Code     0  startup_stm32l152xba.o(.text)
    RTC_Alarm_IRQHandler                     0x080001ab   Thumb Code     0  startup_stm32l152xba.o(.text)
    RTC_WKUP_IRQHandler                      0x080001ab   Thumb Code     0  startup_stm32l152xba.o(.text)
    SPI1_IRQHandler                          0x080001ab   Thumb Code     0  startup_stm32l152xba.o(.text)
    SPI2_IRQHandler                          0x080001ab   Thumb Code     0  startup_stm32l152xba.o(.text)
    TAMPER_STAMP_IRQHandler                  0x080001ab   Thumb Code     0  startup_stm32l152xba.o(.text)
    TIM10_IRQHandler                         0x080001ab   Thumb Code     0  startup_stm32l152xba.o(.text)
    TIM11_IRQHandler                         0x080001ab   Thumb Code     0  startup_stm32l152xba.o(.text)
    TIM2_IRQHandler                          0x080001ab   Thumb Code     0  startup_stm32l152xba.o(.text)
    TIM3_IRQHandler                          0x080001ab   Thumb Code     0  startup_stm32l152xba.o(.text)
    TIM4_IRQHandler                          0x080001ab   Thumb Code     0  startup_stm32l152xba.o(.text)
    TIM6_IRQHandler                          0x080001ab   Thumb Code     0  startup_stm32l152xba.o(.text)
    TIM7_IRQHandler                          0x080001ab   Thumb Code     0  startup_stm32l152xba.o(.text)
    TIM9_IRQHandler                          0x080001ab   Thumb Code     0  startup_stm32l152xba.o(.text)
    USART1_IRQHandler                        0x080001ab   Thumb Code     0  startup_stm32l152xba.o(.text)
    USART2_IRQHandler                        0x080001ab   Thumb Code     0  startup_stm32l152xba.o(.text)
    USART3_IRQHandler                        0x080001ab   Thumb Code     0  startup_stm32l152xba.o(.text)
    USB_FS_WKUP_IRQHandler                   0x080001ab   Thumb Code     0  startup_stm32l152xba.o(.text)
    USB_HP_IRQHandler                        0x080001ab   Thumb Code     0  startup_stm32l152xba.o(.text)
    USB_LP_IRQHandler                        0x080001ab   Thumb Code     0  startup_stm32l152xba.o(.text)
    WWDG_IRQHandler                          0x080001ab   Thumb Code     0  startup_stm32l152xba.o(.text)
    __user_initial_stackheap                 0x080001ad   Thumb Code     0  startup_stm32l152xba.o(.text)
    __aeabi_memclr4                          0x080001d1   Thumb Code     0  rt_memclr_w.o(.text)
    __aeabi_memclr8                          0x080001d1   Thumb Code     0  rt_memclr_w.o(.text)
    __rt_memclr_w                            0x080001d1   Thumb Code    78  rt_memclr_w.o(.text)
    _memset_w                                0x080001d5   Thumb Code     0  rt_memclr_w.o(.text)
    __use_two_region_memory                  0x0800021f   Thumb Code     2  heapauxi.o(.text)
    __rt_heap_escrow$2region                 0x08000221   Thumb Code     2  heapauxi.o(.text)
    __rt_heap_expand$2region                 0x08000223   Thumb Code     2  heapauxi.o(.text)
    __user_setup_stackheap                   0x08000225   Thumb Code    74  sys_stackheap_outer.o(.text)
    exit                                     0x0800026f   Thumb Code    18  exit.o(.text)
    __user_libspace                          0x08000281   Thumb Code     8  libspace.o(.text)
    __user_perproc_libspace                  0x08000281   Thumb Code     0  libspace.o(.text)
    __user_perthread_libspace                0x08000281   Thumb Code     0  libspace.o(.text)
    _sys_exit                                0x08000289   Thumb Code     8  sys_exit.o(.text)
    __I$use$semihosting                      0x08000295   Thumb Code     0  use_no_semi.o(.text)
    __use_no_semihosting_swi                 0x08000295   Thumb Code     2  use_no_semi.o(.text)
    __semihosting_library_function           0x08000297   Thumb Code     0  indicate_semi.o(.text)
    ADC_Get_Value                            0x08000299   Thumb Code    84  main.o(i.ADC_Get_Value)
    BusFault_Handler                         0x080002fd   Thumb Code     2  stm32l1xx_it.o(i.BusFault_Handler)
    DebugMon_Handler                         0x080002ff   Thumb Code     2  stm32l1xx_it.o(i.DebugMon_Handler)
    Error_Handler                            0x08000301   Thumb Code     4  main.o(i.Error_Handler)
    HAL_GPIO_Init                            0x08000305   Thumb Code   530  stm32l1xx_hal_gpio.o(i.HAL_GPIO_Init)
    HAL_GetTick                              0x08000539   Thumb Code     6  stm32l1xx_hal.o(i.HAL_GetTick)
    HAL_IncTick                              0x08000545   Thumb Code    12  stm32l1xx_hal.o(i.HAL_IncTick)
    HAL_Init                                 0x08000555   Thumb Code    30  stm32l1xx_hal.o(i.HAL_Init)
    HAL_InitTick                             0x08000575   Thumb Code    66  main.o(i.HAL_InitTick)
    HAL_LCD_Init                             0x080005c9   Thumb Code   252  stm32l1xx_hal_lcd.o(i.HAL_LCD_Init)
    HAL_LCD_MspInit                          0x080006c9   Thumb Code   130  lcd.o(i.HAL_LCD_MspInit)
    HAL_MspInit                              0x0800075d   Thumb Code    56  stm32l1xx_hal_msp.o(i.HAL_MspInit)
    HAL_NVIC_SetPriority                     0x08000799   Thumb Code    60  stm32l1xx_hal_cortex.o(i.HAL_NVIC_SetPriority)
    HAL_NVIC_SetPriorityGrouping             0x080007d9   Thumb Code    26  stm32l1xx_hal_cortex.o(i.HAL_NVIC_SetPriorityGrouping)
    HAL_SYSTICK_Config                       0x080007fd   Thumb Code    40  stm32l1xx_hal_cortex.o(i.HAL_SYSTICK_Config)
    HardFault_Handler                        0x08000825   Thumb Code     2  stm32l1xx_it.o(i.HardFault_Handler)
    LCD_WaitForSynchro                       0x08000827   Thumb Code    48  stm32l1xx_hal_lcd.o(i.LCD_WaitForSynchro)
    LL_ADC_CommonInit                        0x08000859   Thumb Code    32  stm32l1xx_ll_adc.o(i.LL_ADC_CommonInit)
    LL_ADC_Init                              0x0800087d   Thumb Code    64  stm32l1xx_ll_adc.o(i.LL_ADC_Init)
    LL_ADC_REG_Init                          0x080008c1   Thumb Code    82  stm32l1xx_ll_adc.o(i.LL_ADC_REG_Init)
    LL_DAC_Init                              0x08000949   Thumb Code    78  stm32l1xx_ll_dac.o(i.LL_DAC_Init)
    LL_EXTI_Init                             0x08000999   Thumb Code   156  stm32l1xx_ll_exti.o(i.LL_EXTI_Init)
    LL_GPIO_Init                             0x08000a39   Thumb Code   310  stm32l1xx_ll_gpio.o(i.LL_GPIO_Init)
    LL_I2C_Init                              0x08000c01   Thumb Code    88  stm32l1xx_ll_i2c.o(i.LL_I2C_Init)
    LL_RCC_GetSystemClocksFreq               0x08000c59   Thumb Code    66  stm32l1xx_ll_rcc.o(i.LL_RCC_GetSystemClocksFreq)
    LL_RTC_ALMA_Init                         0x08000ccd   Thumb Code   212  stm32l1xx_ll_rtc.o(i.LL_RTC_ALMA_Init)
    LL_RTC_DATE_Init                         0x08000dc9   Thumb Code   164  stm32l1xx_ll_rtc.o(i.LL_RTC_DATE_Init)
    LL_RTC_EnterInitMode                     0x08000e6d   Thumb Code    70  stm32l1xx_ll_rtc.o(i.LL_RTC_EnterInitMode)
    LL_RTC_Init                              0x08000eb3   Thumb Code    80  stm32l1xx_ll_rtc.o(i.LL_RTC_Init)
    LL_RTC_TIME_Init                         0x08000f29   Thumb Code   158  stm32l1xx_ll_rtc.o(i.LL_RTC_TIME_Init)
    LL_RTC_WaitForSynchro                    0x08000fc7   Thumb Code    70  stm32l1xx_ll_rtc.o(i.LL_RTC_WaitForSynchro)
    LL_SetSystemCoreClock                    0x0800100d   Thumb Code     6  stm32l1xx_ll_utils.o(i.LL_SetSystemCoreClock)
    LL_TIM_Init                              0x08001019   Thumb Code    92  stm32l1xx_ll_tim.o(i.LL_TIM_Init)
    LL_USART_Init                            0x08001089   Thumb Code   118  stm32l1xx_ll_usart.o(i.LL_USART_Init)
    LL_mDelay                                0x080011cd   Thumb Code    30  stm32l1xx_ll_utils.o(i.LL_mDelay)
    MX_ADC_Init                              0x080011ed   Thumb Code   266  adc.o(i.MX_ADC_Init)
    MX_DAC_Init                              0x0800130d   Thumb Code   100  dac.o(i.MX_DAC_Init)
    MX_GPIO_Init                             0x08001381   Thumb Code   296  gpio.o(i.MX_GPIO_Init)
    MX_I2C1_Init                             0x080014b9   Thumb Code   186  i2c.o(i.MX_I2C1_Init)
    MX_LCD_Init                              0x08001585   Thumb Code    54  lcd.o(i.MX_LCD_Init)
    MX_RTC_Init                              0x080015c5   Thumb Code   236  rtc.o(i.MX_RTC_Init)
    MX_TIM2_Init                             0x080016bd   Thumb Code   224  tim.o(i.MX_TIM2_Init)
    MX_USART1_UART_Init                      0x080017a9   Thumb Code   184  usart.o(i.MX_USART1_UART_Init)
    MemManage_Handler                        0x0800186d   Thumb Code     2  stm32l1xx_it.o(i.MemManage_Handler)
    NMI_Handler                              0x0800186f   Thumb Code     2  stm32l1xx_it.o(i.NMI_Handler)
    PendSV_Handler                           0x08001871   Thumb Code     2  stm32l1xx_it.o(i.PendSV_Handler)
    SVC_Handler                              0x080018f1   Thumb Code     2  stm32l1xx_it.o(i.SVC_Handler)
    SysTick_Handler                          0x080018f3   Thumb Code     4  stm32l1xx_it.o(i.SysTick_Handler)
    SystemClock_Config                       0x080018f9   Thumb Code   266  main.o(i.SystemClock_Config)
    SystemInit                               0x08001a15   Thumb Code     2  system_stm32l1xx.o(i.SystemInit)
    UsageFault_Handler                       0x08001a17   Thumb Code     2  stm32l1xx_it.o(i.UsageFault_Handler)
    main                                     0x08001a39   Thumb Code    72  main.o(i.main)
    __fpl_dcheck_NaN1                        0x08001a85   Thumb Code    10  dcheck1.o(x$fpl$dcheck1)
    __aeabi_ddiv                             0x08001a95   Thumb Code     0  ddiv.o(x$fpl$ddiv)
    _ddiv                                    0x08001a95   Thumb Code   552  ddiv.o(x$fpl$ddiv)
    __aeabi_d2uiz                            0x08001d45   Thumb Code     0  dfixu.o(x$fpl$dfixu)
    _dfixu                                   0x08001d45   Thumb Code    90  dfixu.o(x$fpl$dfixu)
    __aeabi_ui2d                             0x08001d9f   Thumb Code     0  dflt_clz.o(x$fpl$dfltu)
    _dfltu                                   0x08001d9f   Thumb Code    38  dflt_clz.o(x$fpl$dfltu)
    __fpl_dnaninf                            0x08001dc5   Thumb Code   156  dnaninf.o(x$fpl$dnaninf)
    __fpl_dretinf                            0x08001e61   Thumb Code    12  dretinf.o(x$fpl$dretinf)
    __fpl_return_NaN                         0x08001e6d   Thumb Code   100  retnan.o(x$fpl$retnan)
    __ARM_scalbn                             0x08001ed1   Thumb Code    92  scalbn.o(x$fpl$scalbn)
    __fpl_cmpreturn                          0x08001f2d   Thumb Code    48  trapv.o(x$fpl$trapveneer)
    __I$use$fp                               0x08001f5c   Number         0  usenofp.o(x$fpl$usenofp)
    PLLMulTable                              0x08001f71   Data           9  system_stm32l1xx.o(.constdata)
    AHBPrescTable                            0x08001f7a   Data          16  system_stm32l1xx.o(.constdata)
    APBPrescTable                            0x08001f8a   Data           8  system_stm32l1xx.o(.constdata)
    Region$$Table$$Base                      0x08001f94   Number         0  anon$$obj.o(Region$$Table)
    Region$$Table$$Limit                     0x08001fb4   Number         0  anon$$obj.o(Region$$Table)
    flag                                     0x20000000   Data           1  main.o(.data)
    ADC_value                                0x20000002   Data           2  main.o(.data)
    ADC_Volt                                 0x20000004   Data           2  main.o(.data)
    uwTickPrio                               0x20000008   Data           4  stm32l1xx_hal.o(.data)
    uwTickFreq                               0x2000000c   Data           4  stm32l1xx_hal.o(.data)
    uwTick                                   0x20000010   Data           4  stm32l1xx_hal.o(.data)
    SystemCoreClock                          0x20000014   Data           4  system_stm32l1xx.o(.data)
    hlcd                                     0x20000018   Data          60  lcd.o(.bss)
    __libspace_start                         0x20000054   Data          96  libspace.o(.bss)
    __temporary_stack_top$libspace           0x200000b4   Data           0  libspace.o(.bss)



==============================================================================

Memory Map of the image

  Image Entry point : 0x080000f5

  Load Region LR_IROM1 (Base: 0x08000000, Size: 0x00001fcc, Max: 0x00010000, ABSOLUTE)

    Execution Region ER_IROM1 (Base: 0x08000000, Size: 0x00001fb4, Max: 0x00010000, ABSOLUTE)

    Base Addr    Size         Type   Attr      Idx    E Section Name        Object

    0x08000000   0x000000f4   Data   RO            3    RESET               startup_stm32l152xba.o
    0x080000f4   0x00000008   Code   RO         2631  * !!!main             c_w.l(__main.o)
    0x080000fc   0x00000034   Code   RO         2825    !!!scatter          c_w.l(__scatter.o)
    0x08000130   0x0000001a   Code   RO         2827    !!handler_copy      c_w.l(__scatter_copy.o)
    0x0800014a   0x00000002   PAD
    0x0800014c   0x0000001c   Code   RO         2829    !!handler_zi        c_w.l(__scatter_zi.o)
    0x08000168   0x00000002   Code   RO         2693    .ARM.Collect$$libinit$$00000000  c_w.l(libinit.o)
    0x0800016a   0x00000000   Code   RO         2708    .ARM.Collect$$libinit$$00000002  c_w.l(libinit2.o)
    0x0800016a   0x00000000   Code   RO         2710    .ARM.Collect$$libinit$$00000004  c_w.l(libinit2.o)
    0x0800016a   0x00000000   Code   RO         2713    .ARM.Collect$$libinit$$0000000A  c_w.l(libinit2.o)
    0x0800016a   0x00000000   Code   RO         2715    .ARM.Collect$$libinit$$0000000C  c_w.l(libinit2.o)
    0x0800016a   0x00000000   Code   RO         2717    .ARM.Collect$$libinit$$0000000E  c_w.l(libinit2.o)
    0x0800016a   0x00000000   Code   RO         2720    .ARM.Collect$$libinit$$00000011  c_w.l(libinit2.o)
    0x0800016a   0x00000000   Code   RO         2722    .ARM.Collect$$libinit$$00000013  c_w.l(libinit2.o)
    0x0800016a   0x00000000   Code   RO         2724    .ARM.Collect$$libinit$$00000015  c_w.l(libinit2.o)
    0x0800016a   0x00000000   Code   RO         2726    .ARM.Collect$$libinit$$00000017  c_w.l(libinit2.o)
    0x0800016a   0x00000000   Code   RO         2728    .ARM.Collect$$libinit$$00000019  c_w.l(libinit2.o)
    0x0800016a   0x00000000   Code   RO         2730    .ARM.Collect$$libinit$$0000001B  c_w.l(libinit2.o)
    0x0800016a   0x00000000   Code   RO         2732    .ARM.Collect$$libinit$$0000001D  c_w.l(libinit2.o)
    0x0800016a   0x00000000   Code   RO         2734    .ARM.Collect$$libinit$$0000001F  c_w.l(libinit2.o)
    0x0800016a   0x00000000   Code   RO         2736    .ARM.Collect$$libinit$$00000021  c_w.l(libinit2.o)
    0x0800016a   0x00000000   Code   RO         2738    .ARM.Collect$$libinit$$00000023  c_w.l(libinit2.o)
    0x0800016a   0x00000000   Code   RO         2740    .ARM.Collect$$libinit$$00000025  c_w.l(libinit2.o)
    0x0800016a   0x00000000   Code   RO         2744    .ARM.Collect$$libinit$$0000002C  c_w.l(libinit2.o)
    0x0800016a   0x00000000   Code   RO         2746    .ARM.Collect$$libinit$$0000002E  c_w.l(libinit2.o)
    0x0800016a   0x00000000   Code   RO         2748    .ARM.Collect$$libinit$$00000030  c_w.l(libinit2.o)
    0x0800016a   0x00000000   Code   RO         2750    .ARM.Collect$$libinit$$00000032  c_w.l(libinit2.o)
    0x0800016a   0x00000002   Code   RO         2751    .ARM.Collect$$libinit$$00000033  c_w.l(libinit2.o)
    0x0800016c   0x00000002   Code   RO         2782    .ARM.Collect$$libshutdown$$00000000  c_w.l(libshutdown.o)
    0x0800016e   0x00000000   Code   RO         2808    .ARM.Collect$$libshutdown$$00000002  c_w.l(libshutdown2.o)
    0x0800016e   0x00000000   Code   RO         2810    .ARM.Collect$$libshutdown$$00000004  c_w.l(libshutdown2.o)
    0x0800016e   0x00000000   Code   RO         2813    .ARM.Collect$$libshutdown$$00000007  c_w.l(libshutdown2.o)
    0x0800016e   0x00000000   Code   RO         2816    .ARM.Collect$$libshutdown$$0000000A  c_w.l(libshutdown2.o)
    0x0800016e   0x00000000   Code   RO         2818    .ARM.Collect$$libshutdown$$0000000C  c_w.l(libshutdown2.o)
    0x0800016e   0x00000000   Code   RO         2821    .ARM.Collect$$libshutdown$$0000000F  c_w.l(libshutdown2.o)
    0x0800016e   0x00000002   Code   RO         2822    .ARM.Collect$$libshutdown$$00000010  c_w.l(libshutdown2.o)
    0x08000170   0x00000000   Code   RO         2649    .ARM.Collect$$rtentry$$00000000  c_w.l(__rtentry.o)
    0x08000170   0x00000000   Code   RO         2662    .ARM.Collect$$rtentry$$00000002  c_w.l(__rtentry2.o)
    0x08000170   0x00000006   Code   RO         2674    .ARM.Collect$$rtentry$$00000004  c_w.l(__rtentry4.o)
    0x08000176   0x00000000   Code   RO         2664    .ARM.Collect$$rtentry$$00000009  c_w.l(__rtentry2.o)
    0x08000176   0x00000004   Code   RO         2665    .ARM.Collect$$rtentry$$0000000A  c_w.l(__rtentry2.o)
    0x0800017a   0x00000000   Code   RO         2667    .ARM.Collect$$rtentry$$0000000C  c_w.l(__rtentry2.o)
    0x0800017a   0x00000008   Code   RO         2668    .ARM.Collect$$rtentry$$0000000D  c_w.l(__rtentry2.o)
    0x08000182   0x00000002   Code   RO         2699    .ARM.Collect$$rtexit$$00000000  c_w.l(rtexit.o)
    0x08000184   0x00000000   Code   RO         2755    .ARM.Collect$$rtexit$$00000002  c_w.l(rtexit2.o)
    0x08000184   0x00000004   Code   RO         2756    .ARM.Collect$$rtexit$$00000003  c_w.l(rtexit2.o)
    0x08000188   0x00000006   Code   RO         2757    .ARM.Collect$$rtexit$$00000004  c_w.l(rtexit2.o)
    0x0800018e   0x00000002   PAD
    0x08000190   0x00000040   Code   RO            4    .text               startup_stm32l152xba.o
    0x080001d0   0x0000004e   Code   RO         2627    .text               c_w.l(rt_memclr_w.o)
    0x0800021e   0x00000006   Code   RO         2629    .text               c_w.l(heapauxi.o)
    0x08000224   0x0000004a   Code   RO         2680    .text               c_w.l(sys_stackheap_outer.o)
    0x0800026e   0x00000012   Code   RO         2682    .text               c_w.l(exit.o)
    0x08000280   0x00000008   Code   RO         2696    .text               c_w.l(libspace.o)
    0x08000288   0x0000000c   Code   RO         2752    .text               c_w.l(sys_exit.o)
    0x08000294   0x00000002   Code   RO         2771    .text               c_w.l(use_no_semi.o)
    0x08000296   0x00000000   Code   RO         2773    .text               c_w.l(indicate_semi.o)
    0x08000296   0x00000002   PAD
    0x08000298   0x00000064   Code   RO           13    i.ADC_Get_Value     main.o
    0x080002fc   0x00000002   Code   RO          496    i.BusFault_Handler  stm32l1xx_it.o
    0x080002fe   0x00000002   Code   RO          497    i.DebugMon_Handler  stm32l1xx_it.o
    0x08000300   0x00000004   Code   RO           14    i.Error_Handler     main.o
    0x08000304   0x00000234   Code   RO         1571    i.HAL_GPIO_Init     stm32l1xx_hal_gpio.o
    0x08000538   0x0000000c   Code   RO          943    i.HAL_GetTick       stm32l1xx_hal.o
    0x08000544   0x00000010   Code   RO          949    i.HAL_IncTick       stm32l1xx_hal.o
    0x08000554   0x0000001e   Code   RO          950    i.HAL_Init          stm32l1xx_hal.o
    0x08000572   0x00000002   PAD
    0x08000574   0x00000054   Code   RO           15    i.HAL_InitTick      main.o
    0x080005c8   0x00000100   Code   RO         2206    i.HAL_LCD_Init      stm32l1xx_hal_lcd.o
    0x080006c8   0x00000094   Code   RO          369    i.HAL_LCD_MspInit   lcd.o
    0x0800075c   0x0000003c   Code   RO          571    i.HAL_MspInit       stm32l1xx_hal_msp.o
    0x08000798   0x00000040   Code   RO         1920    i.HAL_NVIC_SetPriority  stm32l1xx_hal_cortex.o
    0x080007d8   0x00000024   Code   RO         1921    i.HAL_NVIC_SetPriorityGrouping  stm32l1xx_hal_cortex.o
    0x080007fc   0x00000028   Code   RO         1925    i.HAL_SYSTICK_Config  stm32l1xx_hal_cortex.o
    0x08000824   0x00000002   Code   RO          498    i.HardFault_Handler  stm32l1xx_it.o
    0x08000826   0x00000030   Code   RO         2211    i.LCD_WaitForSynchro  stm32l1xx_hal_lcd.o
    0x08000856   0x00000002   PAD
    0x08000858   0x00000024   Code   RO          808    i.LL_ADC_CommonInit  stm32l1xx_ll_adc.o
    0x0800087c   0x00000044   Code   RO          813    i.LL_ADC_Init       stm32l1xx_ll_adc.o
    0x080008c0   0x00000058   Code   RO          814    i.LL_ADC_REG_Init   stm32l1xx_ll_adc.o
    0x08000918   0x00000018   Code   RO          226    i.LL_AHB1_GRP1_EnableClock  gpio.o
    0x08000930   0x00000018   Code   RO          273    i.LL_AHB1_GRP1_EnableClock  adc.o
    0x08000948   0x0000004e   Code   RO         2117    i.LL_DAC_Init       stm32l1xx_ll_dac.o
    0x08000996   0x00000002   PAD
    0x08000998   0x000000a0   Code   RO          717    i.LL_EXTI_Init      stm32l1xx_ll_exti.o
    0x08000a38   0x00000136   Code   RO          758    i.LL_GPIO_Init      stm32l1xx_ll_gpio.o
    0x08000b6e   0x00000002   PAD
    0x08000b70   0x00000090   Code   RO         2158    i.LL_I2C_ConfigSpeed  stm32l1xx_ll_i2c.o
    0x08000c00   0x00000058   Code   RO         2160    i.LL_I2C_Init       stm32l1xx_ll_i2c.o
    0x08000c58   0x00000050   Code   RO          596    i.LL_RCC_GetSystemClocksFreq  stm32l1xx_ll_rcc.o
    0x08000ca8   0x00000024   Code   RO         2280    i.LL_RTC_ALMA_ConfigTime  stm32l1xx_ll_rtc.o
    0x08000ccc   0x000000d4   Code   RO         2281    i.LL_RTC_ALMA_Init  stm32l1xx_ll_rtc.o
    0x08000da0   0x00000028   Code   RO         2286    i.LL_RTC_DATE_Config  stm32l1xx_ll_rtc.o
    0x08000dc8   0x000000a4   Code   RO         2287    i.LL_RTC_DATE_Init  stm32l1xx_ll_rtc.o
    0x08000e6c   0x00000046   Code   RO         2290    i.LL_RTC_EnterInitMode  stm32l1xx_ll_rtc.o
    0x08000eb2   0x00000050   Code   RO         2292    i.LL_RTC_Init       stm32l1xx_ll_rtc.o
    0x08000f02   0x00000002   PAD
    0x08000f04   0x00000024   Code   RO         2294    i.LL_RTC_TIME_Config  stm32l1xx_ll_rtc.o
    0x08000f28   0x0000009e   Code   RO         2295    i.LL_RTC_TIME_Init  stm32l1xx_ll_rtc.o
    0x08000fc6   0x00000046   Code   RO         2297    i.LL_RTC_WaitForSynchro  stm32l1xx_ll_rtc.o
    0x0800100c   0x0000000c   Code   RO          638    i.LL_SetSystemCoreClock  stm32l1xx_ll_utils.o
    0x08001018   0x00000070   Code   RO         2451    i.LL_TIM_Init       stm32l1xx_ll_tim.o
    0x08001088   0x00000084   Code   RO         2535    i.LL_USART_Init     stm32l1xx_ll_usart.o
    0x0800110c   0x000000c0   Code   RO         2536    i.LL_USART_SetBaudRate  stm32l1xx_ll_usart.o
    0x080011cc   0x0000001e   Code   RO          639    i.LL_mDelay         stm32l1xx_ll_utils.o
    0x080011ea   0x00000002   PAD
    0x080011ec   0x00000120   Code   RO          274    i.MX_ADC_Init       adc.o
    0x0800130c   0x00000074   Code   RO          314    i.MX_DAC_Init       dac.o
    0x08001380   0x00000138   Code   RO          227    i.MX_GPIO_Init      gpio.o
    0x080014b8   0x000000cc   Code   RO          341    i.MX_I2C1_Init      i2c.o
    0x08001584   0x00000040   Code   RO          370    i.MX_LCD_Init       lcd.o
    0x080015c4   0x000000f8   Code   RO          410    i.MX_RTC_Init       rtc.o
    0x080016bc   0x000000ec   Code   RO          440    i.MX_TIM2_Init      tim.o
    0x080017a8   0x000000c4   Code   RO          469    i.MX_USART1_UART_Init  usart.o
    0x0800186c   0x00000002   Code   RO          499    i.MemManage_Handler  stm32l1xx_it.o
    0x0800186e   0x00000002   Code   RO          500    i.NMI_Handler       stm32l1xx_it.o
    0x08001870   0x00000002   Code   RO          501    i.PendSV_Handler    stm32l1xx_it.o
    0x08001872   0x00000002   PAD
    0x08001874   0x0000007c   Code   RO          597    i.RCC_GetSystemClockFreq  stm32l1xx_ll_rcc.o
    0x080018f0   0x00000002   Code   RO          502    i.SVC_Handler       stm32l1xx_it.o
    0x080018f2   0x00000004   Code   RO          503    i.SysTick_Handler   stm32l1xx_it.o
    0x080018f6   0x00000002   PAD
    0x080018f8   0x0000011c   Code   RO           16    i.SystemClock_Config  main.o
    0x08001a14   0x00000002   Code   RO         2589    i.SystemInit        system_stm32l1xx.o
    0x08001a16   0x00000002   Code   RO          504    i.UsageFault_Handler  stm32l1xx_it.o
    0x08001a18   0x00000020   Code   RO         1927    i.__NVIC_SetPriority  stm32l1xx_hal_cortex.o
    0x08001a38   0x0000004c   Code   RO           17    i.main              main.o
    0x08001a84   0x00000010   Code   RO         2654    x$fpl$dcheck1       fz_ws.l(dcheck1.o)
    0x08001a94   0x000002b0   Code   RO         2634    x$fpl$ddiv          fz_ws.l(ddiv.o)
    0x08001d44   0x0000005a   Code   RO         2637    x$fpl$dfixu         fz_ws.l(dfixu.o)
    0x08001d9e   0x00000026   Code   RO         2641    x$fpl$dfltu         fz_ws.l(dflt_clz.o)
    0x08001dc4   0x0000009c   Code   RO         2656    x$fpl$dnaninf       fz_ws.l(dnaninf.o)
    0x08001e60   0x0000000c   Code   RO         2658    x$fpl$dretinf       fz_ws.l(dretinf.o)
    0x08001e6c   0x00000064   Code   RO         2678    x$fpl$retnan        fz_ws.l(retnan.o)
    0x08001ed0   0x0000005c   Code   RO         2647    x$fpl$scalbn        fz_ws.l(scalbn.o)
    0x08001f2c   0x00000030   Code   RO         2694    x$fpl$trapveneer    fz_ws.l(trapv.o)
    0x08001f5c   0x00000000   Code   RO         2660    x$fpl$usenofp       fz_ws.l(usenofp.o)
    0x08001f5c   0x00000015   Data   RO          441    .constdata          tim.o
    0x08001f71   0x00000019   Data   RO         2590    .constdata          system_stm32l1xx.o
    0x08001f8a   0x00000008   Data   RO         2591    .constdata          system_stm32l1xx.o
    0x08001f92   0x00000002   PAD
    0x08001f94   0x00000020   Data   RO         2823    Region$$Table       anon$$obj.o


    Execution Region RW_IRAM1 (Base: 0x20000000, Size: 0x000006b8, Max: 0x00008000, ABSOLUTE)

    Base Addr    Size         Type   Attr      Idx    E Section Name        Object

    0x20000000   0x00000006   Data   RW           18    .data               main.o
    0x20000006   0x00000002   PAD
    0x20000008   0x0000000c   Data   RW          957    .data               stm32l1xx_hal.o
    0x20000014   0x00000004   Data   RW         2592    .data               system_stm32l1xx.o
    0x20000018   0x0000003c   Zero   RW          371    .bss                lcd.o
    0x20000054   0x00000060   Zero   RW         2697    .bss                c_w.l(libspace.o)
    0x200000b4   0x00000004   PAD
    0x200000b8   0x00000200   Zero   RW            2    HEAP                startup_stm32l152xba.o
    0x200002b8   0x00000400   Zero   RW            1    STACK               startup_stm32l152xba.o


==============================================================================

Image component sizes


      Code (inc. data)   RO Data    RW Data    ZI Data      Debug   Object Name

       312         28          0          0          0      51742   adc.o
       116         16          0          0          0       3958   dac.o
       336         22          0          0          0      27675   gpio.o
       204         18          0          0          0      10211   i2c.o
       212         28          0          0         60       1647   lcd.o
       548         56          0          6          0     359565   main.o
       248         12          0          0          0      29618   rtc.o
        64         26        244          0       1536        788   startup_stm32l152xba.o
        58         10          0         12          0       2526   stm32l1xx_hal.o
       172         14          0          0          0      29934   stm32l1xx_hal_cortex.o
       564         34          0          0          0       1584   stm32l1xx_hal_gpio.o
       304          4          0          0          0       1980   stm32l1xx_hal_lcd.o
        60          4          0          0          0        858   stm32l1xx_hal_msp.o
        20          0          0          0          0       3750   stm32l1xx_it.o
       192         14          0          0          0      52684   stm32l1xx_ll_adc.o
        78          0          0          0          0      13002   stm32l1xx_ll_dac.o
       160          4          0          0          0       5035   stm32l1xx_ll_exti.o
       310          0          0          0          0       7159   stm32l1xx_ll_gpio.o
       232         10          0          0          0      12066   stm32l1xx_ll_i2c.o
       204         30          0          0          0      12433   stm32l1xx_ll_rcc.o
       866         14          0          0          0      34102   stm32l1xx_ll_rtc.o
       112         20          0          0          0      26138   stm32l1xx_ll_tim.o
       324         14          0          0          0      15844   stm32l1xx_ll_usart.o
        42          6          0          0          0       5488   stm32l1xx_ll_utils.o
         2          0         33          4          0       1127   system_stm32l1xx.o
       236         12         21          0          0      22623   tim.o
       196         12          0          0          0      13022   usart.o

    ----------------------------------------------------------------------
      6188        408        332         24       1596     746559   Object Totals
         0          0         32          0          0          0   (incl. Generated)
        16          0          2          2          0          0   (incl. Padding)

    ----------------------------------------------------------------------

      Code (inc. data)   RO Data    RW Data    ZI Data      Debug   Library Member Name

         8          0          0          0          0         68   __main.o
         0          0          0          0          0          0   __rtentry.o
        12          0          0          0          0          0   __rtentry2.o
         6          0          0          0          0          0   __rtentry4.o
        52          8          0          0          0          0   __scatter.o
        26          0          0          0          0          0   __scatter_copy.o
        28          0          0          0          0          0   __scatter_zi.o
        18          0          0          0          0         80   exit.o
         6          0          0          0          0        152   heapauxi.o
         0          0          0          0          0          0   indicate_semi.o
         2          0          0          0          0          0   libinit.o
         2          0          0          0          0          0   libinit2.o
         2          0          0          0          0          0   libshutdown.o
         2          0          0          0          0          0   libshutdown2.o
         8          4          0          0         96         68   libspace.o
        78          0          0          0          0         80   rt_memclr_w.o
         2          0          0          0          0          0   rtexit.o
        10          0          0          0          0          0   rtexit2.o
        12          4          0          0          0         68   sys_exit.o
        74          0          0          0          0         80   sys_stackheap_outer.o
         2          0          0          0          0         68   use_no_semi.o
        16          4          0          0          0         68   dcheck1.o
       688        140          0          0          0        208   ddiv.o
        90          4          0          0          0         92   dfixu.o
        38          0          0          0          0         68   dflt_clz.o
       156          4          0          0          0         92   dnaninf.o
        12          0          0          0          0         68   dretinf.o
       100          0          0          0          0         68   retnan.o
        92          0          0          0          0         68   scalbn.o
        48          0          0          0          0         68   trapv.o
         0          0          0          0          0          0   usenofp.o

    ----------------------------------------------------------------------
      1596        168          0          0        100       1464   Library Totals
         6          0          0          0          4          0   (incl. Padding)

    ----------------------------------------------------------------------

      Code (inc. data)   RO Data    RW Data    ZI Data      Debug   Library Name

       350         16          0          0         96        664   c_w.l
      1240        152          0          0          0        800   fz_ws.l

    ----------------------------------------------------------------------
      1596        168          0          0        100       1464   Library Totals

    ----------------------------------------------------------------------

==============================================================================


      Code (inc. data)   RO Data    RW Data    ZI Data      Debug   

      7784        576        332         24       1696     744327   Grand Totals
      7784        576        332         24       1696     744327   ELF Image Totals
      7784        576        332         24          0          0   ROM Totals

==============================================================================

    Total RO  Size (Code + RO Data)                 8116 (   7.93kB)
    Total RW  Size (RW Data + ZI Data)              1720 (   1.68kB)
    Total ROM Size (Code + RO Data + RW Data)       8140 (   7.95kB)

==============================================================================

